ARM Linker, 5.03 [Build 76] [MDK-ARM Standard]

==============================================================================

Section Cross References

    startup_stm32f407xx.o(RESET) refers to startup_stm32f407xx.o(STACK) for __initial_sp
    startup_stm32f407xx.o(RESET) refers to startup_stm32f407xx.o(.text) for Reset_Handler
    startup_stm32f407xx.o(RESET) refers to stm32f4xx_it.o(i.NMI_Handler) for NMI_Handler
    startup_stm32f407xx.o(RESET) refers to stm32f4xx_it.o(i.HardFault_Handler) for HardFault_Handler
    startup_stm32f407xx.o(RESET) refers to stm32f4xx_it.o(i.MemManage_Handler) for MemManage_Handler
    startup_stm32f407xx.o(RESET) refers to stm32f4xx_it.o(i.BusFault_Handler) for BusFault_Handler
    startup_stm32f407xx.o(RESET) refers to stm32f4xx_it.o(i.UsageFault_Handler) for UsageFault_Handler
    startup_stm32f407xx.o(RESET) refers to stm32f4xx_it.o(i.SVC_Handler) for SVC_Handler
    startup_stm32f407xx.o(RESET) refers to stm32f4xx_it.o(i.DebugMon_Handler) for DebugMon_Handler
    startup_stm32f407xx.o(RESET) refers to stm32f4xx_it.o(i.PendSV_Handler) for PendSV_Handler
    startup_stm32f407xx.o(RESET) refers to stm32f4xx_it.o(i.SysTick_Handler) for SysTick_Handler
    startup_stm32f407xx.o(RESET) refers to stm32f4xx_it.o(i.TIM2_IRQHandler) for TIM2_IRQHandler
    startup_stm32f407xx.o(RESET) refers to stm32f4xx_it.o(i.TIM3_IRQHandler) for TIM3_IRQHandler
    startup_stm32f407xx.o(RESET) refers to stm32f4xx_it.o(i.TIM4_IRQHandler) for TIM4_IRQHandler
    startup_stm32f407xx.o(RESET) refers to stm32f4xx_it.o(i.I2C1_EV_IRQHandler) for I2C1_EV_IRQHandler
    startup_stm32f407xx.o(RESET) refers to stm32f4xx_it.o(i.I2C1_ER_IRQHandler) for I2C1_ER_IRQHandler
    startup_stm32f407xx.o(RESET) refers to stm32f4xx_it.o(i.USART3_IRQHandler) for USART3_IRQHandler
    startup_stm32f407xx.o(RESET) refers to stm32f4xx_it.o(i.TIM8_BRK_TIM12_IRQHandler) for TIM8_BRK_TIM12_IRQHandler
    startup_stm32f407xx.o(RESET) refers to stm32f4xx_it.o(i.TIM8_UP_TIM13_IRQHandler) for TIM8_UP_TIM13_IRQHandler
    startup_stm32f407xx.o(RESET) refers to stm32f4xx_it.o(i.TIM8_TRG_COM_TIM14_IRQHandler) for TIM8_TRG_COM_TIM14_IRQHandler
    startup_stm32f407xx.o(RESET) refers to stm32f4xx_it.o(i.TIM8_CC_IRQHandler) for TIM8_CC_IRQHandler
    startup_stm32f407xx.o(RESET) refers to stm32f4xx_it.o(i.TIM6_DAC_IRQHandler) for TIM6_DAC_IRQHandler
    startup_stm32f407xx.o(RESET) refers to stm32f4xx_it.o(i.FPU_IRQHandler) for FPU_IRQHandler
    startup_stm32f407xx.o(.text) refers to system_stm32f4xx.o(i.SystemInit) for SystemInit
    startup_stm32f407xx.o(.text) refers to entry.o(.ARM.Collect$$$$00000000) for __main
    main.o(i.DISABLE_ALL_IT) refers to stm32f4xx_hal_tim.o(i.HAL_TIM_IC_Stop) for HAL_TIM_IC_Stop
    main.o(i.DISABLE_ALL_IT) refers to main.o(.bss) for .bss
    main.o(i.ENABLE_ALL_IT) refers to stm32f4xx_hal_tim.o(i.HAL_TIM_IC_Start_IT) for HAL_TIM_IC_Start_IT
    main.o(i.ENABLE_ALL_IT) refers to main.o(.bss) for .bss
    main.o(i.ENCODER_READ_Start) refers to main.o(i.ENABLE_ALL_IT) for ENABLE_ALL_IT
    main.o(i.ENCODER_READ_Start) refers to main.o(.data) for .data
    main.o(i.HAL_TIM_IC_CaptureCallback) refers to stm32f4xx_hal_gpio.o(i.HAL_GPIO_ReadPin) for HAL_GPIO_ReadPin
    main.o(i.HAL_TIM_IC_CaptureCallback) refers to simplekalmanfilter.o(i.updateEstimate) for updateEstimate
    main.o(i.HAL_TIM_IC_CaptureCallback) refers to dflti.o(.text) for __aeabi_i2d
    main.o(i.HAL_TIM_IC_CaptureCallback) refers to fabs.o(i.__hardfp_fabs) for __hardfp_fabs
    main.o(i.HAL_TIM_IC_CaptureCallback) refers to dadd.o(.text) for __aeabi_dadd
    main.o(i.HAL_TIM_IC_CaptureCallback) refers to ddiv.o(.text) for __aeabi_ddiv
    main.o(i.HAL_TIM_IC_CaptureCallback) refers to d2f.o(.text) for __aeabi_d2f
    main.o(i.HAL_TIM_IC_CaptureCallback) refers to stm32f4xx_hal_tim.o(i.HAL_TIM_ReadCapturedValue) for HAL_TIM_ReadCapturedValue
    main.o(i.HAL_TIM_IC_CaptureCallback) refers to main.o(.data) for .data
    main.o(i.HAL_TIM_IC_CaptureCallback) refers to main.o(.bss) for .bss
    main.o(i.HAL_TIM_PeriodElapsedCallback) refers to stm32f4xx_hal_tim.o(i.HAL_TIM_Base_Stop) for HAL_TIM_Base_Stop
    main.o(i.HAL_TIM_PeriodElapsedCallback) refers to main.o(i.DISABLE_ALL_IT) for DISABLE_ALL_IT
    main.o(i.HAL_TIM_PeriodElapsedCallback) refers to f2d.o(.text) for __aeabi_f2d
    main.o(i.HAL_TIM_PeriodElapsedCallback) refers to ddiv.o(.text) for __aeabi_ddiv
    main.o(i.HAL_TIM_PeriodElapsedCallback) refers to dadd.o(.text) for __aeabi_dadd
    main.o(i.HAL_TIM_PeriodElapsedCallback) refers to d2f.o(.text) for __aeabi_d2f
    main.o(i.HAL_TIM_PeriodElapsedCallback) refers to acos.o(i.__hardfp_acos) for __hardfp_acos
    main.o(i.HAL_TIM_PeriodElapsedCallback) refers to cdrcmple.o(.text) for __aeabi_cdrcmple
    main.o(i.HAL_TIM_PeriodElapsedCallback) refers to dmul.o(.text) for __aeabi_dmul
    main.o(i.HAL_TIM_PeriodElapsedCallback) refers to cdcmple.o(.text) for __aeabi_cdcmple
[...]
    i.HAL_TIM_IC_MspInit                     0x08002edc   Section        0  stm32f4xx_hal_msp.o(i.HAL_TIM_IC_MspInit)
    i.HAL_TIM_IC_Start_IT                    0x08003028   Section        0  stm32f4xx_hal_tim.o(i.HAL_TIM_IC_Start_IT)
    i.HAL_TIM_IC_Stop                        0x08003074   Section        0  stm32f4xx_hal_tim.o(i.HAL_TIM_IC_Stop)
    i.HAL_TIM_IRQHandler                     0x080030a0   Section        0  stm32f4xx_hal_tim.o(i.HAL_TIM_IRQHandler)
    i.HAL_TIM_MspPostInit                    0x08003208   Section        0  stm32f4xx_hal_msp.o(i.HAL_TIM_MspPostInit)
    i.HAL_TIM_OC_DelayElapsedCallback        0x08003258   Section        0  stm32f4xx_hal_tim.o(i.HAL_TIM_OC_DelayElapsedCallback)
    i.HAL_TIM_PWM_ConfigChannel              0x0800325a   Section        0  stm32f4xx_hal_tim.o(i.HAL_TIM_PWM_ConfigChannel)
    i.HAL_TIM_PWM_Init                       0x08003328   Section        0  stm32f4xx_hal_tim.o(i.HAL_TIM_PWM_Init)
    i.HAL_TIM_PWM_MspInit                    0x08003360   Section        0  stm32f4xx_hal_msp.o(i.HAL_TIM_PWM_MspInit)
    i.HAL_TIM_PWM_PulseFinishedCallback      0x08003388   Section        0  stm32f4xx_hal_tim.o(i.HAL_TIM_PWM_PulseFinishedCallback)
    i.HAL_TIM_PWM_Start                      0x0800338c   Section        0  stm32f4xx_hal_tim.o(i.HAL_TIM_PWM_Start)
    i.HAL_TIM_PeriodElapsedCallback          0x080033c4   Section        0  main.o(i.HAL_TIM_PeriodElapsedCallback)
    i.HAL_TIM_ReadCapturedValue              0x08003db8   Section        0  stm32f4xx_hal_tim.o(i.HAL_TIM_ReadCapturedValue)
    i.HAL_TIM_TriggerCallback                0x08003dfc   Section        0  stm32f4xx_hal_tim.o(i.HAL_TIM_TriggerCallback)
    i.HAL_UART_ErrorCallback                 0x08003dfe   Section        0  stm32f4xx_hal_uart.o(i.HAL_UART_ErrorCallback)
    i.HAL_UART_IRQHandler                    0x08003e00   Section        0  stm32f4xx_hal_uart.o(i.HAL_UART_IRQHandler)
    i.HAL_UART_Init                          0x08003f10   Section        0  stm32f4xx_hal_uart.o(i.HAL_UART_Init)
    i.HAL_UART_MspInit                       0x08003f74   Section        0  stm32f4xx_hal_msp.o(i.HAL_UART_MspInit)
    i.HAL_UART_Receive_IT                    0x08003fd0   Section        0  stm32f4xx_hal_uart.o(i.HAL_UART_Receive_IT)
    i.HAL_UART_RxCpltCallback                0x08004018   Section        0  main.o(i.HAL_UART_RxCpltCallback)
    i.HAL_UART_Transmit                      0x080040a4   Section        0  stm32f4xx_hal_uart.o(i.HAL_UART_Transmit)
    i.HAL_UART_TxCpltCallback                0x0800415e   Section        0  stm32f4xx_hal_uart.o(i.HAL_UART_TxCpltCallback)
    i.HMC5883L_GetHeading                    0x08004160   Section        0  hmc5883l.o(i.HMC5883L_GetHeading)
    i.HMC5883L_I2C_BufferRead                0x080042bc   Section        0  hmc5883l.o(i.HMC5883L_I2C_BufferRead)
    i.HMC5883L_I2C_ByteWrite                 0x08004400   Section        0  hmc5883l.o(i.HMC5883L_I2C_ByteWrite)
    i.HMC5883L_Initialize                    0x080044e4   Section        0  hmc5883l.o(i.HMC5883L_Initialize)
    i.HMC5883L_SetGain                       0x08004504   Section        0  hmc5883l.o(i.HMC5883L_SetGain)
    i.HMC5883L_SetMode                       0x08004518   Section        0  hmc5883l.o(i.HMC5883L_SetMode)
    i.HardFault_Handler                      0x08004538   Section        0  stm32f4xx_it.o(i.HardFault_Handler)
    i.I2C1_ER_IRQHandler                     0x0800453a   Section        0  stm32f4xx_it.o(i.I2C1_ER_IRQHandler)
    i.I2C1_EV_IRQHandler                     0x0800453c   Section        0  stm32f4xx_it.o(i.I2C1_EV_IRQHandler)
    i.LL_GPIO_Init                           0x0800453e   Section        0  stm32f4xx_ll_gpio.o(i.LL_GPIO_Init)
    i.LL_I2C_ConfigSpeed                     0x08004678   Section        0  stm32f4xx_ll_i2c.o(i.LL_I2C_ConfigSpeed)
    LL_I2C_ConfigSpeed                       0x08004679   Thumb Code   124  stm32f4xx_ll_i2c.o(i.LL_I2C_ConfigSpeed)
    i.LL_I2C_Init                            0x080046fc   Section        0  stm32f4xx_ll_i2c.o(i.LL_I2C_Init)
    i.LL_RCC_GetSystemClocksFreq             0x08004754   Section        0  stm32f4xx_ll_rcc.o(i.LL_RCC_GetSystemClocksFreq)
    i.MX_GPIO_Init                           0x08004774   Section        0  main.o(i.MX_GPIO_Init)
    MX_GPIO_Init                             0x08004775   Thumb Code   288  main.o(i.MX_GPIO_Init)
    i.MX_I2C1_Init                           0x080048b0   Section        0  main.o(i.MX_I2C1_Init)
    MX_I2C1_Init                             0x080048b1   Thumb Code   180  main.o(i.MX_I2C1_Init)
    i.MX_TIM1_Init                           0x08004978   Section        0  main.o(i.MX_TIM1_Init)
    MX_TIM1_Init                             0x08004979   Thumb Code   166  main.o(i.MX_TIM1_Init)
    i.MX_TIM2_Init                           0x08004a28   Section        0  main.o(i.MX_TIM2_Init)
    MX_TIM2_Init                             0x08004a29   Thumb Code   100  main.o(i.MX_TIM2_Init)
    i.MX_TIM3_Init                           0x08004a90   Section        0  main.o(i.MX_TIM3_Init)
    MX_TIM3_Init                             0x08004a91   Thumb Code    98  main.o(i.MX_TIM3_Init)
    i.MX_TIM4_Init                           0x08004afc   Section        0  main.o(i.MX_TIM4_Init)
    MX_TIM4_Init                             0x08004afd   Thumb Code    98  main.o(i.MX_TIM4_Init)
    i.MX_TIM6_Init                           0x08004b68   Section        0  main.o(i.MX_TIM6_Init)
    MX_TIM6_Init                             0x08004b69   Thumb Code    50  main.o(i.MX_TIM6_Init)
    i.MX_TIM8_Init                           0x08004ba4   Section        0  main.o(i.MX_TIM8_Init)
    MX_TIM8_Init                             0x08004ba5   Thumb Code   100  main.o(i.MX_TIM8_Init)
    i.MX_USART3_UART_Init                    0x08004c10   Section        0  main.o(i.MX_USART3_UART_Init)
    MX_USART3_UART_Init                      0x08004c11   Thumb Code    42  main.o(i.MX_USART3_UART_Init)
    i.MemManage_Handler                      0x08004c44   Section        0  stm32f4xx_it.o(i.MemManage_Handler)
    i.Message_Create                         0x08004c48   Section        0  main.o(i.Message_Create)
    i.NMI_Handler                            0x08004e3c   Section        0  stm32f4xx_it.o(i.NMI_Handler)
    i.NVIC_EnableIRQ                         0x08004e3e   Section        0  main.o(i.NVIC_EnableIRQ)
    NVIC_EnableIRQ                           0x08004e3f   Thumb Code    24  main.o(i.NVIC_EnableIRQ)
    i.NVIC_EncodePriority                    0x08004e56   Section        0  main.o(i.NVIC_EncodePriority)
    NVIC_EncodePriority                      0x08004e57   Thumb Code    50  main.o(i.NVIC_EncodePriority)
    i.NVIC_SetPriority                       0x08004e88   Section        0  main.o(i.NVIC_SetPriority)
    NVIC_SetPriority                         0x08004e89   Thumb Code    22  main.o(i.NVIC_SetPriority)
    i.NVIC_SetPriority                       0x08004ea8   Section        0  stm32f4xx_hal_cortex.o(i.NVIC_SetPriority)
    NVIC_SetPriority                         0x08004ea9   Thumb Code    22  stm32f4xx_hal_cortex.o(i.NVIC_SetPriority)
    i.PID                                    0x08004ec8   Section        0  controller.o(i.PID)
    i.PWM_Cal                                0x08005084   Section        0  controller.o(i.PWM_Cal)
    i.PendSV_Handler                         0x08005250   Section        0  stm32f4xx_it.o(i.PendSV_Handler)
    i.RCC_GetHCLKClockFreq                   0x08005254   Section        0  stm32f4xx_ll_rcc.o(i.RCC_GetHCLKClockFreq)
    i.RCC_GetPCLK1ClockFreq                  0x08005270   Section        0  stm32f4xx_ll_rcc.o(i.RCC_GetPCLK1ClockFreq)
    i.RCC_GetPCLK2ClockFreq                  0x0800528c   Section        0  stm32f4xx_ll_rcc.o(i.RCC_GetPCLK2ClockFreq)
    i.RCC_GetSystemClockFreq                 0x080052a8   Section        0  stm32f4xx_ll_rcc.o(i.RCC_GetSystemClockFreq)
    i.RCC_PLL_GetFreqDomain_SYS              0x080052d4   Section        0  stm32f4xx_ll_rcc.o(i.RCC_PLL_GetFreqDomain_SYS)
    i.SVC_Handler                            0x08005320   Section        0  stm32f4xx_it.o(i.SVC_Handler)
    i.Setpoint                               0x08005324   Section        0  controller.o(i.Setpoint)
    i.SimpleKalmanFilter                     0x08005440   Section        0  simplekalmanfilter.o(i.SimpleKalmanFilter)
    i.SimpleKalmanFilterX                    0x08005470   Section        0  simplekalmanfilter.o(i.SimpleKalmanFilterX)
    i.Start_PWM                              0x08005490   Section        0  controller.o(i.Start_PWM)
    i.Start_wheel                            0x080054e4   Section        0  main.o(i.Start_wheel)
    i.SysTick_Handler                        0x0800571c   Section        0  stm32f4xx_it.o(i.SysTick_Handler)
    i.SystemClock_Config                     0x0800572c   Section        0  main.o(i.SystemClock_Config)
    i.SystemInit                             0x080057c8   Section        0  system_stm32f4xx.o(i.SystemInit)
    i.TIM2_IRQHandler                        0x0800581c   Section        0  stm32f4xx_it.o(i.TIM2_IRQHandler)
    i.TIM3_IRQHandler                        0x08005828   Section        0  stm32f4xx_it.o(i.TIM3_IRQHandler)
    i.TIM4_IRQHandler                        0x08005834   Section        0  stm32f4xx_it.o(i.TIM4_IRQHandler)
    i.TIM6_DAC_IRQHandler                    0x08005840   Section        0  stm32f4xx_it.o(i.TIM6_DAC_IRQHandler)
    i.TIM8_BRK_TIM12_IRQHandler              0x0800584c   Section        0  stm32f4xx_it.o(i.TIM8_BRK_TIM12_IRQHandler)
    i.TIM8_CC_IRQHandler                     0x08005858   Section        0  stm32f4xx_it.o(i.TIM8_CC_IRQHandler)
    i.TIM8_TRG_COM_TIM14_IRQHandler          0x08005864   Section        0  stm32f4xx_it.o(i.TIM8_TRG_COM_TIM14_IRQHandler)
    i.TIM8_UP_TIM13_IRQHandler               0x08005870   Section        0  stm32f4xx_it.o(i.TIM8_UP_TIM13_IRQHandler)
    i.TIM_Base_SetConfig                     0x0800587c   Section        0  stm32f4xx_hal_tim.o(i.TIM_Base_SetConfig)
    i.TIM_CCxChannelCmd                      0x0800593c   Section        0  stm32f4xx_hal_tim.o(i.TIM_CCxChannelCmd)
    i.TIM_OC1_SetConfig                      0x08005954   Section        0  stm32f4xx_hal_tim.o(i.TIM_OC1_SetConfig)
    TIM_OC1_SetConfig                        0x08005955   Thumb Code    80  stm32f4xx_hal_tim.o(i.TIM_OC1_SetConfig)
    i.TIM_OC2_SetConfig                      0x080059ac   Section        0  stm32f4xx_hal_tim.o(i.TIM_OC2_SetConfig)
    i.TIM_OC3_SetConfig                      0x08005a10   Section        0  stm32f4xx_hal_tim.o(i.TIM_OC3_SetConfig)
    TIM_OC3_SetConfig                        0x08005a11   Thumb Code    88  stm32f4xx_hal_tim.o(i.TIM_OC3_SetConfig)
    i.TIM_OC4_SetConfig                      0x08005a70   Section        0  stm32f4xx_hal_tim.o(i.TIM_OC4_SetConfig)
    TIM_OC4_SetConfig                        0x08005a71   Thumb Code    70  stm32f4xx_hal_tim.o(i.TIM_OC4_SetConfig)
    i.TIM_TI1_SetConfig                      0x08005ac0   Section        0  stm32f4xx_hal_tim.o(i.TIM_TI1_SetConfig)
    i.TIM_TI2_SetConfig                      0x08005b44   Section        0  stm32f4xx_hal_tim.o(i.TIM_TI2_SetConfig)
    TIM_TI2_SetConfig                        0x08005b45   Thumb Code    54  stm32f4xx_hal_tim.o(i.TIM_TI2_SetConfig)
    i.UART_DMAAbortOnError                   0x08005b7a   Section        0  stm32f4xx_hal_uart.o(i.UART_DMAAbortOnError)
    UART_DMAAbortOnError                     0x08005b7b   Thumb Code    16  stm32f4xx_hal_uart.o(i.UART_DMAAbortOnError)
    i.UART_EndRxTransfer                     0x08005b8a   Section        0  stm32f4xx_hal_uart.o(i.UART_EndRxTransfer)
    UART_EndRxTransfer                       0x08005b8b   Thumb Code    28  stm32f4xx_hal_uart.o(i.UART_EndRxTransfer)
    i.UART_Receive_IT                        0x08005ba6   Section        0  stm32f4xx_hal_uart.o(i.UART_Receive_IT)
    UART_Receive_IT                          0x08005ba7   Thumb Code   140  stm32f4xx_hal_uart.o(i.UART_Receive_IT)
    i.UART_SetConfig                         0x08005c34   Section        0  stm32f4xx_hal_uart.o(i.UART_SetConfig)
    UART_SetConfig                           0x08005c35   Thumb Code   676  stm32f4xx_hal_uart.o(i.UART_SetConfig)
    i.UART_Transmit_IT                       0x08005ee0   Section        0  stm32f4xx_hal_uart.o(i.UART_Transmit_IT)
    UART_Transmit_IT                         0x08005ee1   Thumb Code    98  stm32f4xx_hal_uart.o(i.UART_Transmit_IT)
    i.UART_WaitOnFlagUntilTimeout            0x08005f42   Section        0  stm32f4xx_hal_uart.o(i.UART_WaitOnFlagUntilTimeout)
    UART_WaitOnFlagUntilTimeout              0x08005f43   Thumb Code   100  stm32f4xx_hal_uart.o(i.UART_WaitOnFlagUntilTimeout)
    i.USART3_IRQHandler                      0x08005fa8   Section        0  stm32f4xx_it.o(i.USART3_IRQHandler)
    i.UpdateSetpoint                         0x08005fb4   Section        0  controller.o(i.UpdateSetpoint)
    i.UsageFault_Handler                     0x08005fdc   Section        0  stm32f4xx_it.o(i.UsageFault_Handler)
    i.__ARM_fpclassify                       0x08005fde   Section        0  fpclassify.o(i.__ARM_fpclassify)
    i.__hardfp_acos                          0x08006010   Section        0  acos.o(i.__hardfp_acos)
    i.__hardfp_atan                          0x08006360   Section        0  atan.o(i.__hardfp_atan)
    i.__hardfp_atan2                         0x08006648   Section        0  atan2.o(i.__hardfp_atan2)
    i.__hardfp_cos                           0x08006828   Section        0  cos.o(i.__hardfp_cos)
    i.__hardfp_fabs                          0x08006900   Section        0  fabs.o(i.__hardfp_fabs)
    i.__hardfp_sin                           0x08006918   Section        0  sin.o(i.__hardfp_sin)
    i.__ieee754_rem_pio2                     0x080069f0   Section        0  rred.o(i.__ieee754_rem_pio2)
    i.__kernel_cos                           0x08006e48   Section        0  cos_i.o(i.__kernel_cos)
    i.__kernel_poly                          0x08006fb8   Section        0  poly.o(i.__kernel_poly)
    i.__kernel_sin                           0x080070b0   Section        0  sin_i.o(i.__kernel_sin)
    i.__mathlib_dbl_underflow                0x080071e0   Section        0  dunder.o(i.__mathlib_dbl_underflow)
    i.__scatterload_copy                     0x08007200   Section       14  handlers.o(i.__scatterload_copy)
    i.__scatterload_null                     0x0800720e   Section        2  handlers.o(i.__scatterload_null)
    i.__scatterload_zeroinit                 0x08007210   Section       14  handlers.o(i.__scatterload_zeroinit)
    i.__set_errno                            0x08007220   Section        0  errno.o(i.__set_errno)
    i.atan                                   0x0800722c   Section        0  atan.o(i.atan)
    i.fabs                                   0x0800723c   Section        0  fabs.o(i.fabs)
    i.free                                   0x0800725c   Section        0  malloc.o(i.free)
    i.main                                   0x080072ac   Section        0  main.o(i.main)
    i.malloc                                 0x08007464   Section        0  malloc.o(i.malloc)
    i.sqrt                                   0x080074d0   Section        0  sqrt.o(i.sqrt)
    i.updateEstimate                         0x08007540   Section        0  simplekalmanfilter.o(i.updateEstimate)
    i.updateEstimateX                        0x08007648   Section        0  simplekalmanfilter.o(i.updateEstimateX)
    i.xyspeed                                0x080076f4   Section        0  vectospace.o(i.xyspeed)
    i.xyspeed_inv                            0x08007920   Section        0  vectospace.o(i.xyspeed_inv)
    .constdata                               0x08007ac8   Section       16  system_stm32f4xx.o(.constdata)
    .constdata                               0x08007ad8   Section        8  system_stm32f4xx.o(.constdata)
    .constdata                               0x08007ae0   Section       80  acos.o(.constdata)
    pS                                       0x08007ae0   Data          48  acos.o(.constdata)
    qS                                       0x08007b10   Data          32  acos.o(.constdata)
    .constdata                               0x08007b30   Section      152  atan.o(.constdata)
    atanhi                                   0x08007b30   Data          32  atan.o(.constdata)
    atanlo                                   0x08007b50   Data          32  atan.o(.constdata)
    aTodd                                    0x08007b70   Data          40  atan.o(.constdata)
    aTeven                                   0x08007b98   Data          48  atan.o(.constdata)
    .constdata                               0x08007bc8   Section       48  cos_i.o(.constdata)
    C                                        0x08007bc8   Data          48  cos_i.o(.constdata)
    .constdata                               0x08007bf8   Section        8  qnan.o(.constdata)
    .constdata                               0x08007c00   Section      200  rred.o(.constdata)
    pio2s                                    0x08007c00   Data          48  rred.o(.constdata)
    twooverpi                                0x08007c30   Data         152  rred.o(.constdata)
    .constdata                               0x08007cc8   Section       40  sin_i.o(.constdata)
    S                                        0x08007cc8   Data          40  sin_i.o(.constdata)
    .data                                    0x20000000   Section      216  main.o(.data)
    .data                                    0x200000d8   Section        1  main.o(.data)
    .data                                    0x200000dc   Section        4  main.o(.data)
    .data                                    0x200000e0   Section        4  main.o(.data)
    .data                                    0x200000e4   Section        4  main.o(.data)
    .data                                    0x200000e8   Section        4  main.o(.data)
    .data                                    0x200000ec   Section        4  main.o(.data)
    .data                                    0x200000f0   Section        4  main.o(.data)
    .data                                    0x200000f4   Section        4  main.o(.data)
    .data                                    0x200000f8   Section        4  main.o(.data)
    .data                                    0x200000fc   Section        4  main.o(.data)
    .data                                    0x20000100   Section        4  main.o(.data)
    .data                                    0x20000104   Section        4  main.o(.data)
    .data                                    0x20000108   Section        4  main.o(.data)
    .data                                    0x2000010c   Section        4  main.o(.data)
    .data                                    0x20000110   Section        4  main.o(.data)
    .data                                    0x20000114   Section        4  main.o(.data)
    .data                                    0x20000118   Section        4  main.o(.data)
    .data                                    0x2000011c   Section        4  main.o(.data)
    .data                                    0x20000120   Section        4  main.o(.data)
    .data                                    0x20000124   Section        4  main.o(.data)
    .data                                    0x20000128   Section        4  main.o(.data)
    .data                                    0x2000012c   Section        1  hmc5883l.o(.data)
    .data                                    0x20000130   Section        4  system_stm32f4xx.o(.data)
    .data                                    0x20000134   Section       12  stm32f4xx_hal.o(.data)
    .data                                    0x20000140   Section        4  mvars.o(.data)
    .data                                    0x20000144   Section        4  mvars.o(.data)
    .data                                    0x20000148   Section        4  errno.o(.data)
    _errno                                   0x20000148   Data           4  errno.o(.data)
    .bss                                     0x2000014c   Section      623  main.o(.bss)
    .bss                                     0x200003bc   Section       12  main.o(.bss)
    .bss                                     0x200003c8   Section       12  main.o(.bss)
    .bss                                     0x200003d4   Section       20  main.o(.bss)
    .bss                                     0x200003e8   Section       12  main.o(.bss)
    .bss                                     0x200003f4   Section       12  main.o(.bss)
    .bss                                     0x20000400   Section       12  main.o(.bss)
    .bss                                     0x2000040c   Section       12  main.o(.bss)
    .bss                                     0x20000418   Section       12  main.o(.bss)
    .bss                                     0x20000424   Section       16  main.o(.bss)
    .bss                                     0x20000434   Section       12  main.o(.bss)
    .bss                                     0x20000440   Section       12  main.o(.bss)
    .bss                                     0x2000044c   Section       16  main.o(.bss)
    .bss                                     0x2000045c   Section       16  main.o(.bss)
    .bss                                     0x2000046c   Section       16  main.o(.bss)
    .bss                                     0x2000047c   Section       16  main.o(.bss)
    .bss                                     0x2000048c   Section       12  main.o(.bss)
    .bss                                     0x20000498   Section       12  main.o(.bss)
    .bss                                     0x200004a4   Section       12  main.o(.bss)
    .bss                                     0x200004b0   Section       12  controller.o(.bss)
    HEAP                                     0x200004c0   Section      512  startup_stm32f407xx.o(HEAP)
    STACK                                    0x200006c0   Section     1024  startup_stm32f407xx.o(STACK)

    Global Symbols

    Symbol Name                              Value     Ov Type        Size  Object(Section)

    BuildAttributes$$THM_ISAv4$E$P$D$K$B$S$7EM$VFPi3$EXTD16$VFPS$VFMA$PE$A:L22UL41UL21$X:L11$S22US41US21$IEEE1$IW$USESV6$~STKCKD$USESV7$~SHL$OTIME$ROPI$IEEEX$EBA8$MICROLIB$REQ8$PRES8$EABIv2 0x00000000   Number         0  anon$$obj.o ABSOLUTE
    __ARM_use_no_argv                        0x00000000   Number         0  main.o ABSOLUTE
    __cpp_initialize__aeabi_                  - Undefined Weak Reference
    __cxa_finalize                            - Undefined Weak Reference
    _clock_init                               - Undefined Weak Reference
    _microlib_exit                            - Undefined Weak Reference
    __Vectors_Size                           0x00000188   Number         0  startup_stm32f407xx.o ABSOLUTE
    __Vectors                                0x08000000   Data           4  startup_stm32f407xx.o(RESET)
    __Vectors_End                            0x08000188   Data           0  startup_stm32f407xx.o(RESET)
    __main                                   0x08000189   Thumb Code     0  entry.o(.ARM.Collect$$$$00000000)
    _main_stk                                0x08000189   Thumb Code     0  entry2.o(.ARM.Collect$$$$00000001)
    _main_scatterload                        0x0800018d   Thumb Code     0  entry5.o(.ARM.Collect$$$$00000004)
    __main_after_scatterload                 0x08000191   Thumb Code     0  entry5.o(.ARM.Collect$$$$00000004)
    _main_clock                              0x08000191   Thumb Code     0  entry7b.o(.ARM.Collect$$$$00000008)
    _main_cpp_init                           0x08000191   Thumb Code     0  entry8b.o(.ARM.Collect$$$$0000000A)
    _main_init                               0x08000191   Thumb Code     0  entry9a.o(.ARM.Collect$$$$0000000B)
    __rt_final_cpp                           0x08000199   Thumb Code     0  entry10a.o(.ARM.Collect$$$$0000000D)
    __rt_final_exit                          0x08000199   Thumb Code     0  entry11a.o(.ARM.Collect$$$$0000000F)
    Reset_Handler                            0x0800019d   Thumb Code     8  startup_stm32f407xx.o(.text)
    ADC_IRQHandler                           0x080001b7   Thumb Code     0  startup_stm32f407xx.o(.text)
    CAN1_RX0_IRQHandler                      0x080001b7   Thumb Code     0  startup_stm32f407xx.o(.text)
    CAN1_RX1_IRQHandler                      0x080001b7   Thumb Code     0  startup_stm32f407xx.o(.text)
    CAN1_SCE_IRQHandler                      0x080001b7   Thumb Code     0  startup_stm32f407xx.o(.text)
    CAN1_TX_IRQHandler                       0x080001b7   Thumb Code     0  startup_stm32f407xx.o(.text)
    CAN2_RX0_IRQHandler                      0x080001b7   Thumb Code     0  startup_stm32f407xx.o(.text)
    CAN2_RX1_IRQHandler                      0x080001b7   Thumb Code     0  startup_stm32f407xx.o(.text)
    CAN2_SCE_IRQHandler                      0x080001b7   Thumb Code     0  startup_stm32f407xx.o(.text)
    CAN2_TX_IRQHandler                       0x080001b7   Thumb Code     0  startup_stm32f407xx.o(.text)
    DCMI_IRQHandler                          0x080001b7   Thumb Code     0  startup_stm32f407xx.o(.text)
    DMA1_Stream0_IRQHandler                  0x080001b7   Thumb Code     0  startup_stm32f407xx.o(.text)
    DMA1_Stream1_IRQHandler                  0x080001b7   Thumb Code     0  startup_stm32f407xx.o(.text)
    DMA1_Stream2_IRQHandler                  0x080001b7   Thumb Code     0  startup_stm32f407xx.o(.text)
    DMA1_Stream3_IRQHandler                  0x080001b7   Thumb Code     0  startup_stm32f407xx.o(.text)
    DMA1_Stream4_IRQHandler                  0x080001b7   Thumb Code     0  startup_stm32f407xx.o(.text)
    DMA1_Stream5_IRQHandler                  0x080001b7   Thumb Code     0  startup_stm32f407xx.o(.text)
    DMA1_Stream6_IRQHandler                  0x080001b7   Thumb Code     0  startup_stm32f407xx.o(.text)
    DMA1_Stream7_IRQHandler                  0x080001b7   Thumb Code     0  startup_stm32f407xx.o(.text)
    DMA2_Stream0_IRQHandler                  0x080001b7   Thumb Code     0  startup_stm32f407xx.o(.text)
    DMA2_Stream1_IRQHandler                  0x080001b7   Thumb Code     0  startup_stm32f407xx.o(.text)
    DMA2_Stream2_IRQHandler                  0x080001b7   Thumb Code     0  startup_stm32f407xx.o(.text)
    DMA2_Stream3_IRQHandler                  0x080001b7   Thumb Code     0  startup_stm32f407xx.o(.text)
    DMA2_Stream4_IRQHandler                  0x080001b7   Thumb Code     0  startup_stm32f407xx.o(.text)
    DMA2_Stream5_IRQHandler                  0x080001b7   Thumb Code     0  startup_stm32f407xx.o(.text)
    DMA2_Stream6_IRQHandler                  0x080001b7   Thumb Code     0  startup_stm32f407xx.o(.text)
    DMA2_Stream7_IRQHandler                  0x080001b7   Thumb Code     0  startup_stm32f407xx.o(.text)
    ETH_IRQHandler                           0x080001b7   Thumb Code     0  startup_stm32f407xx.o(.text)
    ETH_WKUP_IRQHandler                      0x080001b7   Thumb Code     0  startup_stm32f407xx.o(.text)
    EXTI0_IRQHandler                         0x080001b7   Thumb Code     0  startup_stm32f407xx.o(.text)
    EXTI15_10_IRQHandler                     0x080001b7   Thumb Code     0  startup_stm32f407xx.o(.text)
    EXTI1_IRQHandler                         0x080001b7   Thumb Code     0  startup_stm32f407xx.o(.text)
    EXTI2_IRQHandler                         0x080001b7   Thumb Code     0  startup_stm32f407xx.o(.text)
    EXTI3_IRQHandler                         0x080001b7   Thumb Code     0  startup_stm32f407xx.o(.text)
    EXTI4_IRQHandler                         0x080001b7   Thumb Code     0  startup_stm32f407xx.o(.text)
    EXTI9_5_IRQHandler                       0x080001b7   Thumb Code     0  startup_stm32f407xx.o(.text)
    FLASH_IRQHandler                         0x080001b7   Thumb Code     0  startup_stm32f407xx.o(.text)
    FMC_IRQHandler                           0x080001b7   Thumb Code     0  startup_stm32f407xx.o(.text)
    HASH_RNG_IRQHandler                      0x080001b7   Thumb Code     0  startup_stm32f407xx.o(.text)
    I2C2_ER_IRQHandler                       0x080001b7   Thumb Code     0  startup_stm32f407xx.o(.text)
    I2C2_EV_IRQHandler                       0x080001b7   Thumb Code     0  startup_stm32f407xx.o(.text)
    I2C3_ER_IRQHandler                       0x080001b7   Thumb Code     0  startup_stm32f407xx.o(.text)
    I2C3_EV_IRQHandler                       0x080001b7   Thumb Code     0  startup_stm32f407xx.o(.text)
    OTG_FS_IRQHandler                        0x080001b7   Thumb Code     0  startup_stm32f407xx.o(.text)
    OTG_FS_WKUP_IRQHandler                   0x080001b7   Thumb Code     0  startup_stm32f407xx.o(.text)
    OTG_HS_EP1_IN_IRQHandler                 0x080001b7   Thumb Code     0  startup_stm32f407xx.o(.text)
    OTG_HS_EP1_OUT_IRQHandler                0x080001b7   Thumb Code     0  startup_stm32f407xx.o(.text)
    OTG_HS_IRQHandler                        0x080001b7   Thumb Code     0  startup_stm32f407xx.o(.text)
    OTG_HS_WKUP_IRQHandler                   0x080001b7   Thumb Code     0  startup_stm32f407xx.o(.text)
    PVD_IRQHandler                           0x080001b7   Thumb Code     0  startup_stm32f407xx.o(.text)
    RCC_IRQHandler                           0x080001b7   Thumb Code     0  startup_stm32f407xx.o(.text)
    RTC_Alarm_IRQHandler                     0x080001b7   Thumb Code     0  startup_stm32f407xx.o(.text)
    RTC_WKUP_IRQHandler                      0x080001b7   Thumb Code     0  startup_stm32f407xx.o(.text)
    SDIO_IRQHandler                          0x080001b7   Thumb Code     0  startup_stm32f407xx.o(.text)
    SPI1_IRQHandler                          0x080001b7   Thumb Code     0  startup_stm32f407xx.o(.text)
    SPI2_IRQHandler                          0x080001b7   Thumb Code     0  startup_stm32f407xx.o(.text)
    SPI3_IRQHandler                          0x080001b7   Thumb Code     0  startup_stm32f407xx.o(.text)
    TAMP_STAMP_IRQHandler                    0x080001b7   Thumb Code     0  startup_stm32f407xx.o(.text)
    TIM1_BRK_TIM9_IRQHandler                 0x080001b7   Thumb Code     0  startup_stm32f407xx.o(.text)
    TIM1_CC_IRQHandler                       0x080001b7   Thumb Code     0  startup_stm32f407xx.o(.text)
    TIM1_TRG_COM_TIM11_IRQHandler            0x080001b7   Thumb Code     0  startup_stm32f407xx.o(.text)
    TIM1_UP_TIM10_IRQHandler                 0x080001b7   Thumb Code     0  startup_stm32f407xx.o(.text)
    TIM5_IRQHandler                          0x080001b7   Thumb Code     0  startup_stm32f407xx.o(.text)
    TIM7_IRQHandler                          0x080001b7   Thumb Code     0  startup_stm32f407xx.o(.text)
    UART4_IRQHandler                         0x080001b7   Thumb Code     0  startup_stm32f407xx.o(.text)
    UART5_IRQHandler                         0x080001b7   Thumb Code     0  startup_stm32f407xx.o(.text)
    USART1_IRQHandler                        0x080001b7   Thumb Code     0  startup_stm32f407xx.o(.text)
    USART2_IRQHandler                        0x080001b7   Thumb Code     0  startup_stm32f407xx.o(.text)
    USART6_IRQHandler                        0x080001b7   Thumb Code     0  startup_stm32f407xx.o(.text)
    WWDG_IRQHandler                          0x080001b7   Thumb Code     0  startup_stm32f407xx.o(.text)
    __aeabi_uldivmod                         0x080001c1   Thumb Code    98  uldiv.o(.text)
    calloc                                   0x08000223   Thumb Code    28  calloc.o(.text)
    __aeabi_dadd                             0x0800023f   Thumb Code   322  dadd.o(.text)
    __aeabi_dsub                             0x08000381   Thumb Code     6  dadd.o(.text)
    __aeabi_drsub                            0x08000387   Thumb Code     6  dadd.o(.text)
    __aeabi_dmul                             0x0800038d   Thumb Code   228  dmul.o(.text)
    __aeabi_ddiv                             0x08000471   Thumb Code   222  ddiv.o(.text)
    __aeabi_i2d                              0x0800054f   Thumb Code    34  dflti.o(.text)
    __aeabi_d2uiz                            0x08000571   Thumb Code    50  dfixui.o(.text)
    __aeabi_f2d                              0x080005a3   Thumb Code    38  f2d.o(.text)
    __aeabi_cdcmpeq                          0x080005c9   Thumb Code     0  cdcmple.o(.text)
    __aeabi_cdcmple                          0x080005c9   Thumb Code    38  cdcmple.o(.text)
    __aeabi_cdrcmple                         0x080005f1   Thumb Code    38  cdrcmple.o(.text)
    __aeabi_d2f                              0x08000619   Thumb Code    56  d2f.o(.text)
    __aeabi_llsl                             0x08000651   Thumb Code    30  llshl.o(.text)
    _ll_shift_l                              0x08000651   Thumb Code     0  llshl.o(.text)
    __aeabi_llsr                             0x0800066f   Thumb Code    32  llushr.o(.text)
    _ll_ushift_r                             0x0800066f   Thumb Code     0  llushr.o(.text)
    __aeabi_lasr                             0x0800068f   Thumb Code    36  llsshr.o(.text)
    _ll_sshift_r                             0x0800068f   Thumb Code     0  llsshr.o(.text)
    __I$use$fp                               0x080006b3   Thumb Code     0  iusefp.o(.text)
    _float_round                             0x080006b3   Thumb Code    18  fepilogue.o(.text)
    _float_epilogue                          0x080006c5   Thumb Code    90  fepilogue.o(.text)
    _double_round                            0x0800071f   Thumb Code    26  depilogue.o(.text)
    _double_epilogue                         0x08000739   Thumb Code   164  depilogue.o(.text)
    __scatterload                            0x080007dd   Thumb Code    28  init.o(.text)
    __scatterload_rt2                        0x080007dd   Thumb Code     0  init.o(.text)
    _dsqrt                                   0x08000801   Thumb Code   162  dsqrt.o(.text)
    __aeabi_ui2d                             0x080008a3   Thumb Code    26  dfltui.o(.text)
    __aeabi_d2iz                             0x080008bd   Thumb Code    62  dfixi.o(.text)
    __decompress                             0x080008fb   Thumb Code     0  __dczerorl2.o(.text)
    __decompress1                            0x080008fb   Thumb Code    92  __dczerorl2.o(.text)
    BusFault_Handler                         0x08000957   Thumb Code     2  stm32f4xx_it.o(i.BusFault_Handler)
    Controller                               0x08000959   Thumb Code  2662  controller.o(i.Controller)
    DISABLE_ALL_IT                           0x080013e5   Thumb Code    82  main.o(i.DISABLE_ALL_IT)
    DRlocate                                 0x0800143d   Thumb Code   276  vectospace.o(i.DRlocate)
    DebugMon_Handler                         0x08001575   Thumb Code     2  stm32f4xx_it.o(i.DebugMon_Handler)
    ENABLE_ALL_IT                            0x08001579   Thumb Code   112  main.o(i.ENABLE_ALL_IT)
    ENCODER_READ_Start                       0x080015ed   Thumb Code    28  main.o(i.ENCODER_READ_Start)
    FPU_IRQHandler                           0x0800160d   Thumb Code     2  stm32f4xx_it.o(i.FPU_IRQHandler)
    HAL_DMA_Abort_IT                         0x0800160f   Thumb Code    36  stm32f4xx_hal_dma.o(i.HAL_DMA_Abort_IT)
    HAL_GPIO_Init                            0x08001635   Thumb Code   392  stm32f4xx_hal_gpio.o(i.HAL_GPIO_Init)
    HAL_GPIO_ReadPin                         0x080017e9   Thumb Code    10  stm32f4xx_hal_gpio.o(i.HAL_GPIO_ReadPin)
    HAL_GPIO_WritePin                        0x080017f3   Thumb Code    10  stm32f4xx_hal_gpio.o(i.HAL_GPIO_WritePin)
    HAL_GetTick                              0x080017fd   Thumb Code     6  stm32f4xx_hal.o(i.HAL_GetTick)
    HAL_IncTick                              0x08001809   Thumb Code    12  stm32f4xx_hal.o(i.HAL_IncTick)
    HAL_Init                                 0x08001819   Thumb Code    48  stm32f4xx_hal.o(i.HAL_Init)
    HAL_InitTick                             0x0800184d   Thumb Code    54  stm32f4xx_hal.o(i.HAL_InitTick)
    HAL_MspInit                              0x0800188d   Thumb Code   104  stm32f4xx_hal_msp.o(i.HAL_MspInit)
    HAL_NVIC_EnableIRQ                       0x080018f5   Thumb Code    24  stm32f4xx_hal_cortex.o(i.HAL_NVIC_EnableIRQ)
    HAL_NVIC_SetPriority                     0x0800190d   Thumb Code    60  stm32f4xx_hal_cortex.o(i.HAL_NVIC_SetPriority)
    HAL_NVIC_SetPriorityGrouping             0x0800194d   Thumb Code    26  stm32f4xx_hal_cortex.o(i.HAL_NVIC_SetPriorityGrouping)
    HAL_RCC_ClockConfig                      0x08001971   Thumb Code   286  stm32f4xx_hal_rcc.o(i.HAL_RCC_ClockConfig)
    HAL_RCC_GetHCLKFreq                      0x08001aa1   Thumb Code     6  stm32f4xx_hal_rcc.o(i.HAL_RCC_GetHCLKFreq)
    HAL_RCC_GetPCLK1Freq                     0x08001aad   Thumb Code    20  stm32f4xx_hal_rcc.o(i.HAL_RCC_GetPCLK1Freq)
    HAL_RCC_GetPCLK2Freq                     0x08001acd   Thumb Code    20  stm32f4xx_hal_rcc.o(i.HAL_RCC_GetPCLK2Freq)
    HAL_RCC_GetSysClockFreq                  0x08001aed   Thumb Code    88  stm32f4xx_hal_rcc.o(i.HAL_RCC_GetSysClockFreq)
    HAL_RCC_OscConfig                        0x08001b51   Thumb Code   774  stm32f4xx_hal_rcc.o(i.HAL_RCC_OscConfig)
    HAL_SYSTICK_CLKSourceConfig              0x08001e71   Thumb Code    24  stm32f4xx_hal_cortex.o(i.HAL_SYSTICK_CLKSourceConfig)
    HAL_SYSTICK_Callback                     0x08001e89   Thumb Code     2  stm32f4xx_hal_cortex.o(i.HAL_SYSTICK_Callback)
    HAL_SYSTICK_Config                       0x08001e8b   Thumb Code    40  stm32f4xx_hal_cortex.o(i.HAL_SYSTICK_Config)
    HAL_SYSTICK_IRQHandler                   0x08001eb3   Thumb Code     8  stm32f4xx_hal_cortex.o(i.HAL_SYSTICK_IRQHandler)
    HAL_TIMEx_BreakCallback                  0x08001ebb   Thumb Code     2  stm32f4xx_hal_tim_ex.o(i.HAL_TIMEx_BreakCallback)
    HAL_TIMEx_CommutationCallback            0x08001ebd   Thumb Code     2  stm32f4xx_hal_tim_ex.o(i.HAL_TIMEx_CommutationCallback)
    HAL_TIMEx_ConfigBreakDeadTime            0x08001ebf   Thumb Code    90  stm32f4xx_hal_tim_ex.o(i.HAL_TIMEx_ConfigBreakDeadTime)
    HAL_TIMEx_MasterConfigSynchronization    0x08001f19   Thumb Code    80  stm32f4xx_hal_tim_ex.o(i.HAL_TIMEx_MasterConfigSynchronization)
    HAL_TIM_Base_Init                        0x08001f69   Thumb Code    54  stm32f4xx_hal_tim.o(i.HAL_TIM_Base_Init)
    HAL_TIM_Base_MspInit                     0x08001fa1   Thumb Code    50  stm32f4xx_hal_msp.o(i.HAL_TIM_Base_MspInit)
    HAL_TIM_Base_Start_IT                    0x08001fdd   Thumb Code    24  stm32f4xx_hal_tim.o(i.HAL_TIM_Base_Start_IT)
    HAL_TIM_Base_Stop                        0x08001ff5   Thumb Code    44  stm32f4xx_hal_tim.o(i.HAL_TIM_Base_Stop)
    HAL_TIM_IC_CaptureCallback               0x08002021   Thumb Code  3436  main.o(i.HAL_TIM_IC_CaptureCallback)
    HAL_TIM_IC_ConfigChannel                 0x08002d8d   Thumb Code   282  stm32f4xx_hal_tim.o(i.HAL_TIM_IC_ConfigChannel)
    HAL_TIM_IC_Init                          0x08002ea7   Thumb Code    54  stm32f4xx_hal_tim.o(i.HAL_TIM_IC_Init)
    HAL_TIM_IC_MspInit                       0x08002edd   Thumb Code   300  stm32f4xx_hal_msp.o(i.HAL_TIM_IC_MspInit)
    HAL_TIM_IC_Start_IT                      0x08003029   Thumb Code    76  stm32f4xx_hal_tim.o(i.HAL_TIM_IC_Start_IT)
    HAL_TIM_IC_Stop                          0x08003075   Thumb Code    44  stm32f4xx_hal_tim.o(i.HAL_TIM_IC_Stop)
    HAL_TIM_IRQHandler                       0x080030a1   Thumb Code   358  stm32f4xx_hal_tim.o(i.HAL_TIM_IRQHandler)
    HAL_TIM_MspPostInit                      0x08003209   Thumb Code    66  stm32f4xx_hal_msp.o(i.HAL_TIM_MspPostInit)
    HAL_TIM_OC_DelayElapsedCallback          0x08003259   Thumb Code     2  stm32f4xx_hal_tim.o(i.HAL_TIM_OC_DelayElapsedCallback)
    HAL_TIM_PWM_ConfigChannel                0x0800325b   Thumb Code   206  stm32f4xx_hal_tim.o(i.HAL_TIM_PWM_ConfigChannel)
    HAL_TIM_PWM_Init                         0x08003329   Thumb Code    54  stm32f4xx_hal_tim.o(i.HAL_TIM_PWM_Init)
    HAL_TIM_PWM_MspInit                      0x08003361   Thumb Code    30  stm32f4xx_hal_msp.o(i.HAL_TIM_PWM_MspInit)
    HAL_TIM_PWM_PulseFinishedCallback        0x08003389   Thumb Code     2  stm32f4xx_hal_tim.o(i.HAL_TIM_PWM_PulseFinishedCallback)
    HAL_TIM_PWM_Start                        0x0800338d   Thumb Code    48  stm32f4xx_hal_tim.o(i.HAL_TIM_PWM_Start)
    HAL_TIM_PeriodElapsedCallback            0x080033c5   Thumb Code  2510  main.o(i.HAL_TIM_PeriodElapsedCallback)
    HAL_TIM_ReadCapturedValue                0x08003db9   Thumb Code    68  stm32f4xx_hal_tim.o(i.HAL_TIM_ReadCapturedValue)
    HAL_TIM_TriggerCallback                  0x08003dfd   Thumb Code     2  stm32f4xx_hal_tim.o(i.HAL_TIM_TriggerCallback)
    HAL_UART_ErrorCallback                   0x08003dff   Thumb Code     2  stm32f4xx_hal_uart.o(i.HAL_UART_ErrorCallback)
    HAL_UART_IRQHandler                      0x08003e01   Thumb Code   266  stm32f4xx_hal_uart.o(i.HAL_UART_IRQHandler)
    HAL_UART_Init                            0x08003f11   Thumb Code    98  stm32f4xx_hal_uart.o(i.HAL_UART_Init)
    HAL_UART_MspInit                         0x08003f75   Thumb Code    80  stm32f4xx_hal_msp.o(i.HAL_UART_MspInit)
    HAL_UART_Receive_IT                      0x08003fd1   Thumb Code    72  stm32f4xx_hal_uart.o(i.HAL_UART_Receive_IT)
    HAL_UART_RxCpltCallback                  0x08004019   Thumb Code   126  main.o(i.HAL_UART_RxCpltCallback)
    HAL_UART_Transmit                        0x080040a5   Thumb Code   186  stm32f4xx_hal_uart.o(i.HAL_UART_Transmit)
    HAL_UART_TxCpltCallback                  0x0800415f   Thumb Code     2  stm32f4xx_hal_uart.o(i.HAL_UART_TxCpltCallback)
    HMC5883L_GetHeading                      0x08004161   Thumb Code   326  hmc5883l.o(i.HMC5883L_GetHeading)
    HMC5883L_I2C_BufferRead                  0x080042bd   Thumb Code   318  hmc5883l.o(i.HMC5883L_I2C_BufferRead)
    HMC5883L_I2C_ByteWrite                   0x08004401   Thumb Code   222  hmc5883l.o(i.HMC5883L_I2C_ByteWrite)
    HMC5883L_Initialize                      0x080044e5   Thumb Code    32  hmc5883l.o(i.HMC5883L_Initialize)
    HMC5883L_SetGain                         0x08004505   Thumb Code    20  hmc5883l.o(i.HMC5883L_SetGain)
    HMC5883L_SetMode                         0x08004519   Thumb Code    26  hmc5883l.o(i.HMC5883L_SetMode)
    HardFault_Handler                        0x08004539   Thumb Code     2  stm32f4xx_it.o(i.HardFault_Handler)
    I2C1_ER_IRQHandler                       0x0800453b   Thumb Code     2  stm32f4xx_it.o(i.I2C1_ER_IRQHandler)
    I2C1_EV_IRQHandler                       0x0800453d   Thumb Code     2  stm32f4xx_it.o(i.I2C1_EV_IRQHandler)
    LL_GPIO_Init                             0x0800453f   Thumb Code   312  stm32f4xx_ll_gpio.o(i.LL_GPIO_Init)
    LL_I2C_Init                              0x080046fd   Thumb Code    88  stm32f4xx_ll_i2c.o(i.LL_I2C_Init)
    LL_RCC_GetSystemClocksFreq               0x08004755   Thumb Code    32  stm32f4xx_ll_rcc.o(i.LL_RCC_GetSystemClocksFreq)
    MemManage_Handler                        0x08004c45   Thumb Code     2  stm32f4xx_it.o(i.MemManage_Handler)
    Message_Create                           0x08004c49   Thumb Code   478  main.o(i.Message_Create)
    NMI_Handler                              0x08004e3d   Thumb Code     2  stm32f4xx_it.o(i.NMI_Handler)
    PID                                      0x08004ec9   Thumb Code   368  controller.o(i.PID)
    PWM_Cal                                  0x08005085   Thumb Code   400  controller.o(i.PWM_Cal)
    PendSV_Handler                           0x08005251   Thumb Code     2  stm32f4xx_it.o(i.PendSV_Handler)
    RCC_GetHCLKClockFreq                     0x08005255   Thumb Code    18  stm32f4xx_ll_rcc.o(i.RCC_GetHCLKClockFreq)
    RCC_GetPCLK1ClockFreq                    0x08005271   Thumb Code    20  stm32f4xx_ll_rcc.o(i.RCC_GetPCLK1ClockFreq)
    RCC_GetPCLK2ClockFreq                    0x0800528d   Thumb Code    20  stm32f4xx_ll_rcc.o(i.RCC_GetPCLK2ClockFreq)
    RCC_GetSystemClockFreq                   0x080052a9   Thumb Code    30  stm32f4xx_ll_rcc.o(i.RCC_GetSystemClockFreq)
    RCC_PLL_GetFreqDomain_SYS                0x080052d5   Thumb Code    68  stm32f4xx_ll_rcc.o(i.RCC_PLL_GetFreqDomain_SYS)
    SVC_Handler                              0x08005321   Thumb Code     2  stm32f4xx_it.o(i.SVC_Handler)
    Setpoint                                 0x08005325   Thumb Code   252  controller.o(i.Setpoint)
    SimpleKalmanFilter                       0x08005441   Thumb Code    34  simplekalmanfilter.o(i.SimpleKalmanFilter)
    SimpleKalmanFilterX                      0x08005471   Thumb Code    20  simplekalmanfilter.o(i.SimpleKalmanFilterX)
    Start_PWM                                0x08005491   Thumb Code    50  controller.o(i.Start_PWM)
    Start_wheel                              0x080054e5   Thumb Code   528  main.o(i.Start_wheel)
    SysTick_Handler                          0x0800571d   Thumb Code    14  stm32f4xx_it.o(i.SysTick_Handler)
    SystemClock_Config                       0x0800572d   Thumb Code   146  main.o(i.SystemClock_Config)
    SystemInit                               0x080057c9   Thumb Code    66  system_stm32f4xx.o(i.SystemInit)
    TIM2_IRQHandler                          0x0800581d   Thumb Code     6  stm32f4xx_it.o(i.TIM2_IRQHandler)
    TIM3_IRQHandler                          0x08005829   Thumb Code     6  stm32f4xx_it.o(i.TIM3_IRQHandler)
    TIM4_IRQHandler                          0x08005835   Thumb Code     6  stm32f4xx_it.o(i.TIM4_IRQHandler)
    TIM6_DAC_IRQHandler                      0x08005841   Thumb Code     6  stm32f4xx_it.o(i.TIM6_DAC_IRQHandler)
    TIM8_BRK_TIM12_IRQHandler                0x0800584d   Thumb Code     6  stm32f4xx_it.o(i.TIM8_BRK_TIM12_IRQHandler)
    TIM8_CC_IRQHandler                       0x08005859   Thumb Code     6  stm32f4xx_it.o(i.TIM8_CC_IRQHandler)
    TIM8_TRG_COM_TIM14_IRQHandler            0x08005865   Thumb Code     6  stm32f4xx_it.o(i.TIM8_TRG_COM_TIM14_IRQHandler)
    TIM8_UP_TIM13_IRQHandler                 0x08005871   Thumb Code     6  stm32f4xx_it.o(i.TIM8_UP_TIM13_IRQHandler)
    TIM_Base_SetConfig                       0x0800587d   Thumb Code   148  stm32f4xx_hal_tim.o(i.TIM_Base_SetConfig)
    TIM_CCxChannelCmd                        0x0800593d   Thumb Code    22  stm32f4xx_hal_tim.o(i.TIM_CCxChannelCmd)
    TIM_OC2_SetConfig                        0x080059ad   Thumb Code    90  stm32f4xx_hal_tim.o(i.TIM_OC2_SetConfig)
    TIM_TI1_SetConfig                        0x08005ac1   Thumb Code   104  stm32f4xx_hal_tim.o(i.TIM_TI1_SetConfig)
    USART3_IRQHandler                        0x08005fa9   Thumb Code     6  stm32f4xx_it.o(i.USART3_IRQHandler)
    UpdateSetpoint                           0x08005fb5   Thumb Code    32  controller.o(i.UpdateSetpoint)
    UsageFault_Handler                       0x08005fdd   Thumb Code     2  stm32f4xx_it.o(i.UsageFault_Handler)
    __ARM_fpclassify                         0x08005fdf   Thumb Code    48  fpclassify.o(i.__ARM_fpclassify)
    __hardfp_acos                            0x08006011   Thumb Code   738  acos.o(i.__hardfp_acos)
    __hardfp_atan                            0x08006361   Thumb Code   636  atan.o(i.__hardfp_atan)
    __hardfp_atan2                           0x08006649   Thumb Code   416  atan2.o(i.__hardfp_atan2)
    __hardfp_cos                             0x08006829   Thumb Code   200  cos.o(i.__hardfp_cos)
    __hardfp_fabs                            0x08006901   Thumb Code    20  fabs.o(i.__hardfp_fabs)
    __hardfp_sin                             0x08006919   Thumb Code   200  sin.o(i.__hardfp_sin)
    __ieee754_rem_pio2                       0x080069f1   Thumb Code   972  rred.o(i.__ieee754_rem_pio2)
    __kernel_cos                             0x08006e49   Thumb Code   322  cos_i.o(i.__kernel_cos)
    __kernel_poly                            0x08006fb9   Thumb Code   248  poly.o(i.__kernel_poly)
    __kernel_sin                             0x080070b1   Thumb Code   280  sin_i.o(i.__kernel_sin)
    __mathlib_dbl_underflow                  0x080071e1   Thumb Code    24  dunder.o(i.__mathlib_dbl_underflow)
    __scatterload_copy                       0x08007201   Thumb Code    14  handlers.o(i.__scatterload_copy)
    __scatterload_null                       0x0800720f   Thumb Code     2  handlers.o(i.__scatterload_null)
    __scatterload_zeroinit                   0x08007211   Thumb Code    14  handlers.o(i.__scatterload_zeroinit)
    __set_errno                              0x08007221   Thumb Code     6  errno.o(i.__set_errno)
    atan                                     0x0800722d   Thumb Code    16  atan.o(i.atan)
    fabs                                     0x0800723d   Thumb Code    32  fabs.o(i.fabs)
    free                                     0x0800725d   Thumb Code    76  malloc.o(i.free)
    main                                     0x080072ad   Thumb Code   406  main.o(i.main)
    malloc                                   0x08007465   Thumb Code    92  malloc.o(i.malloc)
    sqrt                                     0x080074d1   Thumb Code   110  sqrt.o(i.sqrt)
    updateEstimate                           0x08007541   Thumb Code   236  simplekalmanfilter.o(i.updateEstimate)
    updateEstimateX                          0x08007649   Thumb Code   148  simplekalmanfilter.o(i.updateEstimateX)
    xyspeed                                  0x080076f5   Thumb Code   492  vectospace.o(i.xyspeed)
    xyspeed_inv                              0x08007921   Thumb Code   380  vectospace.o(i.xyspeed_inv)
    AHBPrescTable                            0x08007ac8   Data          16  system_stm32f4xx.o(.constdata)
    APBPrescTable                            0x08007ad8   Data           8  system_stm32f4xx.o(.constdata)
    __mathlib_zero                           0x08007bf8   Data           8  qnan.o(.constdata)
    Region$$Table$$Base                      0x08007cf0   Number         0  anon$$obj.o(Region$$Table)
    Region$$Table$$Limit                     0x08007d10   Number         0  anon$$obj.o(Region$$Table)
    Task_2ms_FLAG                            0x20000000   Data           1  main.o(.data)
    TestAct                                  0x20000001   Data           1  main.o(.data)
    CompaAct                                 0x20000002   Data           1  main.o(.data)
    x_correct                                0x20000003   Data           1  main.o(.data)
    y_correct                                0x20000004   Data           1  main.o(.data)
    t_correct                                0x20000005   Data           1  main.o(.data)
    FirstCall_u                              0x20000006   Data           1  main.o(.data)
    Rx_indx                                  0x20000007   Data           1  main.o(.data)
    Rx_data                                  0x20000008   Data           1  main.o(.data)
    Transfer_cplt                            0x20000009   Data           1  main.o(.data)
    Connected                                0x2000000a   Data           1  main.o(.data)
    Task                                     0x2000000c   Data           2  main.o(.data)
    Mode                                     0x2000000e   Data           2  main.o(.data)
    connected                                0x20000010   Data           2  main.o(.data)
    state_1                                  0x20000012   Data           2  main.o(.data)
    prestate_1                               0x20000014   Data           2  main.o(.data)
    pre2state_1                              0x20000016   Data           2  main.o(.data)
    clockwise_1                              0x20000018   Data           2  main.o(.data)
    clockwise_1_wait                         0x2000001a   Data           2  main.o(.data)
    OvFl_1                                   0x2000001c   Data           2  main.o(.data)
    FirstCall_1                              0x2000001e   Data           2  main.o(.data)
    state_2                                  0x20000020   Data           2  main.o(.data)
    prestate_2                               0x20000022   Data           2  main.o(.data)
    pre2state_2                              0x20000024   Data           2  main.o(.data)
    clockwise_2                              0x20000026   Data           2  main.o(.data)
    clockwise_2_wait                         0x20000028   Data           2  main.o(.data)
    OvFl_2                                   0x2000002a   Data           2  main.o(.data)
    FirstCall_2                              0x2000002c   Data           2  main.o(.data)
    state_3                                  0x2000002e   Data           2  main.o(.data)
    prestate_3                               0x20000030   Data           2  main.o(.data)
    pre2state_3                              0x20000032   Data           2  main.o(.data)
    clockwise_3                              0x20000034   Data           2  main.o(.data)
    clockwise_3_wait                         0x20000036   Data           2  main.o(.data)
    OvFl_3                                   0x20000038   Data           2  main.o(.data)
    FirstCall_3                              0x2000003a   Data           2  main.o(.data)
    state_4                                  0x2000003c   Data           2  main.o(.data)
    prestate_4                               0x2000003e   Data           2  main.o(.data)
    pre2state_4                              0x20000040   Data           2  main.o(.data)
    clockwise_4                              0x20000042   Data           2  main.o(.data)
    clockwise_4_wait                         0x20000044   Data           2  main.o(.data)
    OvFl_4                                   0x20000046   Data           2  main.o(.data)
    FirstCall_4                              0x20000048   Data           2  main.o(.data)
    Mess_wait                                0x2000004c   Data           4  main.o(.data)
    FirstCall_theta                          0x20000050   Data           4  main.o(.data)
    en_1_A                                   0x20000054   Data           4  main.o(.data)
    en_1_A_temp                              0x20000058   Data           4  main.o(.data)
    v1                                       0x2000005c   Data           4  main.o(.data)
    en_2_A                                   0x20000060   Data           4  main.o(.data)
    en_2_A_temp                              0x20000064   Data           4  main.o(.data)
    v2                                       0x20000068   Data           4  main.o(.data)
    en_3_A                                   0x2000006c   Data           4  main.o(.data)
    en_3_A_temp                              0x20000070   Data           4  main.o(.data)
    v3                                       0x20000074   Data           4  main.o(.data)
    en_4_A                                   0x20000078   Data           4  main.o(.data)
    en_4_A_temp                              0x2000007c   Data           4  main.o(.data)
    v4                                       0x20000080   Data           4  main.o(.data)
    q                                        0x20000084   Data           4  main.o(.data)
    theta                                    0x20000088   Data           4  main.o(.data)
    offset                                   0x2000008c   Data           4  main.o(.data)
    u_1                                      0x20000090   Data           4  main.o(.data)
    u_2                                      0x20000094   Data           4  main.o(.data)
    u_3                                      0x20000098   Data           4  main.o(.data)
    u_4                                      0x2000009c   Data           4  main.o(.data)
    tmp                                      0x200000a0   Data           4  main.o(.data)
    t                                        0x200000a4   Data           4  main.o(.data)
    pos_receive_2                            0x200000a8   Data          48  main.o(.data)
    Controller_ver2                          0x200000d8   Data           1  main.o(.data)
    PWM_ON_1                                 0x200000dc   Data           4  main.o(.data)
    PWM_ON_2                                 0x200000e0   Data           4  main.o(.data)
    PWM_ON_3                                 0x200000e4   Data           4  main.o(.data)
    PWM_ON_4                                 0x200000e8   Data           4  main.o(.data)
    v1_set                                   0x200000ec   Data           4  main.o(.data)
    v2_set                                   0x200000f0   Data           4  main.o(.data)
    v3_set                                   0x200000f4   Data           4  main.o(.data)
    v4_set                                   0x200000f8   Data           4  main.o(.data)
    _err_measure                             0x200000fc   Data           4  main.o(.data)
    _q                                       0x20000100   Data           4  main.o(.data)
    _current_estimate                        0x20000104   Data           4  main.o(.data)
    _kalman_gain                             0x20000108   Data           4  main.o(.data)
    _err_measureX                            0x2000010c   Data           4  main.o(.data)
    _qX                                      0x20000110   Data           4  main.o(.data)
    _current_estimateX                       0x20000114   Data           4  main.o(.data)
    _kalman_gainX                            0x20000118   Data           4  main.o(.data)
    v1x                                      0x2000011c   Data           4  main.o(.data)
    v2x                                      0x20000120   Data           4  main.o(.data)
    v3x                                      0x20000124   Data           4  main.o(.data)
    v4x                                      0x20000128   Data           4  main.o(.data)
    HMC5883Lmode                             0x2000012c   Data           1  hmc5883l.o(.data)
    SystemCoreClock                          0x20000130   Data           4  system_stm32f4xx.o(.data)
    uwTickFreq                               0x20000134   Data           1  stm32f4xx_hal.o(.data)
    uwTickPrio                               0x20000138   Data           4  stm32f4xx_hal.o(.data)
    uwTick                                   0x2000013c   Data           4  stm32f4xx_hal.o(.data)
    __microlib_freelist                      0x20000140   Data           4  mvars.o(.data)
    __microlib_freelist_initialised          0x20000144   Data           4  mvars.o(.data)
    speed                                    0x2000014c   Data          12  main.o(.bss)
    speed_old                                0x20000158   Data          12  main.o(.bss)
    pos                                      0x20000164   Data          12  main.o(.bss)
    pos_oldt                                 0x20000170   Data          12  main.o(.bss)
    pos_receive                              0x2000017c   Data          12  main.o(.bss)
    pos_set                                  0x20000188   Data          12  main.o(.bss)
    speed_set                                0x20000194   Data          12  main.o(.bss)
    htim1                                    0x200001a0   Data          60  main.o(.bss)
    htim2                                    0x200001dc   Data          60  main.o(.bss)
    htim3                                    0x20000218   Data          60  main.o(.bss)
    htim4                                    0x20000254   Data          60  main.o(.bss)
    htim6                                    0x20000290   Data          60  main.o(.bss)
    htim8                                    0x200002cc   Data          60  main.o(.bss)
    huart3                                   0x20000308   Data          64  main.o(.bss)
    data                                     0x20000348   Data          15  main.o(.bss)
    Rx_Buffer                                0x20000357   Data         100  main.o(.bss)
    pos_old                                  0x200003bc   Data          12  main.o(.bss)
    q2                                       0x200003c8   Data          12  main.o(.bss)
    p                                        0x200003d4   Data          20  main.o(.bss)
    S1                                       0x200003e8   Data          12  main.o(.bss)
    S2                                       0x200003f4   Data          12  main.o(.bss)
    S2_old                                   0x20000400   Data          12  main.o(.bss)
    pos_set_old                              0x2000040c   Data          12  main.o(.bss)
    dpos_set                                 0x20000418   Data          12  main.o(.bss)
    torque                                   0x20000424   Data          16  main.o(.bss)
    pos_e                                    0x20000434   Data          12  main.o(.bss)
    u                                        0x20000440   Data          12  main.o(.bss)
    error                                    0x2000044c   Data          16  main.o(.bss)
    pre_error                                0x2000045c   Data          16  main.o(.bss)
    I                                        0x2000046c   Data          16  main.o(.bss)
    Dt                                       0x2000047c   Data          16  main.o(.bss)
    x2_set                                   0x2000048c   Data          12  main.o(.bss)
    x2n_set                                  0x20000498   Data          12  main.o(.bss)
    dx2_set                                  0x200004a4   Data          12  main.o(.bss)
    pos_old2                                 0x200004b0   Data          12  controller.o(.bss)
    __heap_base                              0x200004c0   Data           0  startup_stm32f407xx.o(HEAP)
    __heap_limit                             0x200006c0   Data           0  startup_stm32f407xx.o(HEAP)
    __initial_sp                             0x20000ac0   Data           0  startup_stm32f407xx.o(STACK)



==============================================================================

Memory Map of the image

  Image Entry point : 0x08000189

  Load Region LR_IROM1 (Base: 0x08000000, Size: 0x00007e5c, Max: 0x00100000, ABSOLUTE, COMPRESSED[0x00007d3c])

    Execution Region ER_IROM1 (Base: 0x08000000, Size: 0x00007d10, Max: 0x00100000, ABSOLUTE)

    Base Addr    Size         Type   Attr      Idx    E Section Name        Object

    0x08000000   0x00000188   Data   RO            3    RESET               startup_stm32f407xx.o
    0x08000188   0x00000000   Code   RO         3607  * .ARM.Collect$$$$00000000  mc_w.l(entry.o)
    0x08000188   0x00000004   Code   RO         3705    .ARM.Collect$$$$00000001  mc_w.l(entry2.o)
    0x0800018c   0x00000004   Code   RO         3708    .ARM.Collect$$$$00000004  mc_w.l(entry5.o)
    0x08000190   0x00000000   Code   RO         3710    .ARM.Collect$$$$00000008  mc_w.l(entry7b.o)
    0x08000190   0x00000000   Code   RO         3712    .ARM.Collect$$$$0000000A  mc_w.l(entry8b.o)
    0x08000190   0x00000008   Code   RO         3713    .ARM.Collect$$$$0000000B  mc_w.l(entry9a.o)
    0x08000198   0x00000000   Code   RO         3715    .ARM.Collect$$$$0000000D  mc_w.l(entry10a.o)
    0x08000198   0x00000000   Code   RO         3717    .ARM.Collect$$$$0000000F  mc_w.l(entry11a.o)
    0x08000198   0x00000004   Code   RO         3706    .ARM.Collect$$$$00002712  mc_w.l(entry2.o)
    0x0800019c   0x00000024   Code   RO            4    .text               startup_stm32f407xx.o
    0x080001c0   0x00000062   Code   RO         3610    .text               mc_w.l(uldiv.o)
    0x08000222   0x0000001c   Code   RO         3640    .text               mc_w.l(calloc.o)
    0x0800023e   0x0000014e   Code   RO         3642    .text               mf_w.l(dadd.o)
    0x0800038c   0x000000e4   Code   RO         3644    .text               mf_w.l(dmul.o)
    0x08000470   0x000000de   Code   RO         3646    .text               mf_w.l(ddiv.o)
    0x0800054e   0x00000022   Code   RO         3650    .text               mf_w.l(dflti.o)
    0x08000570   0x00000032   Code   RO         3652    .text               mf_w.l(dfixui.o)
    0x080005a2   0x00000026   Code   RO         3654    .text               mf_w.l(f2d.o)
    0x080005c8   0x00000028   Code   RO         3656    .text               mf_w.l(cdcmple.o)
    0x080005f0   0x00000028   Code   RO         3658    .text               mf_w.l(cdrcmple.o)
    0x08000618   0x00000038   Code   RO         3660    .text               mf_w.l(d2f.o)
    0x08000650   0x0000001e   Code   RO         3719    .text               mc_w.l(llshl.o)
    0x0800066e   0x00000020   Code   RO         3721    .text               mc_w.l(llushr.o)
    0x0800068e   0x00000024   Code   RO         3723    .text               mc_w.l(llsshr.o)
    0x080006b2   0x00000000   Code   RO         3738    .text               mc_w.l(iusefp.o)
    0x080006b2   0x0000006c   Code   RO         3739    .text               mf_w.l(fepilogue.o)
    0x0800071e   0x000000be   Code   RO         3741    .text               mf_w.l(depilogue.o)
    0x080007dc   0x00000024   Code   RO         3747    .text               mc_w.l(init.o)
    0x08000800   0x000000a2   Code   RO         3749    .text               mf_w.l(dsqrt.o)
    0x080008a2   0x0000001a   Code   RO         3751    .text               mf_w.l(dfltui.o)
    0x080008bc   0x0000003e   Code   RO         3753    .text               mf_w.l(dfixi.o)
    0x080008fa   0x0000005c   Code   RO         3763    .text               mc_w.l(__dczerorl2.o)
    0x08000956   0x00000002   Code   RO          451    i.BusFault_Handler  stm32f4xx_it.o
    0x08000958   0x00000a8c   Code   RO          848    i.Controller        controller.o
    0x080013e4   0x00000058   Code   RO           13    i.DISABLE_ALL_IT    main.o
    0x0800143c   0x00000138   Code   RO          812    i.DRlocate          vectospace.o
    0x08001574   0x00000002   Code   RO          452    i.DebugMon_Handler  stm32f4xx_it.o
    0x08001576   0x00000002   PAD
    0x08001578   0x00000074   Code   RO           15    i.ENABLE_ALL_IT     main.o
    0x080015ec   0x00000020   Code   RO           16    i.ENCODER_READ_Start  main.o
    0x0800160c   0x00000002   Code   RO          453    i.FPU_IRQHandler    stm32f4xx_it.o
    0x0800160e   0x00000024   Code   RO         1578    i.HAL_DMA_Abort_IT  stm32f4xx_hal_dma.o
    0x08001632   0x00000002   PAD
    0x08001634   0x000001b4   Code   RO         2481    i.HAL_GPIO_Init     stm32f4xx_hal_gpio.o
    0x080017e8   0x0000000a   Code   RO         2483    i.HAL_GPIO_ReadPin  stm32f4xx_hal_gpio.o
    0x080017f2   0x0000000a   Code   RO         2485    i.HAL_GPIO_WritePin  stm32f4xx_hal_gpio.o
    0x080017fc   0x0000000c   Code   RO         2700    i.HAL_GetTick       stm32f4xx_hal.o
    0x08001808   0x00000010   Code   RO         2704    i.HAL_IncTick       stm32f4xx_hal.o
    0x08001818   0x00000034   Code   RO         2705    i.HAL_Init          stm32f4xx_hal.o
    0x0800184c   0x00000040   Code   RO         2706    i.HAL_InitTick      stm32f4xx_hal.o
    0x0800188c   0x00000068   Code   RO          357    i.HAL_MspInit       stm32f4xx_hal_msp.o
    0x080018f4   0x00000018   Code   RO         2288    i.HAL_NVIC_EnableIRQ  stm32f4xx_hal_cortex.o
    0x0800190c   0x00000040   Code   RO         2294    i.HAL_NVIC_SetPriority  stm32f4xx_hal_cortex.o
    0x0800194c   0x00000024   Code   RO         2295    i.HAL_NVIC_SetPriorityGrouping  stm32f4xx_hal_cortex.o
    0x08001970   0x00000130   Code   RO         2586    i.HAL_RCC_ClockConfig  stm32f4xx_hal_rcc.o
    0x08001aa0   0x0000000c   Code   RO         2591    i.HAL_RCC_GetHCLKFreq  stm32f4xx_hal_rcc.o
    0x08001aac   0x00000020   Code   RO         2593    i.HAL_RCC_GetPCLK1Freq  stm32f4xx_hal_rcc.o
    0x08001acc   0x00000020   Code   RO         2594    i.HAL_RCC_GetPCLK2Freq  stm32f4xx_hal_rcc.o
    0x08001aec   0x00000064   Code   RO         2595    i.HAL_RCC_GetSysClockFreq  stm32f4xx_hal_rcc.o
    0x08001b50   0x00000320   Code   RO         2598    i.HAL_RCC_OscConfig  stm32f4xx_hal_rcc.o
    0x08001e70   0x00000018   Code   RO         2297    i.HAL_SYSTICK_CLKSourceConfig  stm32f4xx_hal_cortex.o
    0x08001e88   0x00000002   Code   RO         2298    i.HAL_SYSTICK_Callback  stm32f4xx_hal_cortex.o
    0x08001e8a   0x00000028   Code   RO         2299    i.HAL_SYSTICK_Config  stm32f4xx_hal_cortex.o
    0x08001eb2   0x00000008   Code   RO         2300    i.HAL_SYSTICK_IRQHandler  stm32f4xx_hal_cortex.o
    0x08001eba   0x00000002   Code   RO         2044    i.HAL_TIMEx_BreakCallback  stm32f4xx_hal_tim_ex.o
    0x08001ebc   0x00000002   Code   RO         2045    i.HAL_TIMEx_CommutationCallback  stm32f4xx_hal_tim_ex.o
    0x08001ebe   0x0000005a   Code   RO         2046    i.HAL_TIMEx_ConfigBreakDeadTime  stm32f4xx_hal_tim_ex.o
    0x08001f18   0x00000050   Code   RO         2061    i.HAL_TIMEx_MasterConfigSynchronization  stm32f4xx_hal_tim_ex.o
    0x08001f68   0x00000036   Code   RO          945    i.HAL_TIM_Base_Init  stm32f4xx_hal_tim.o
    0x08001f9e   0x00000002   PAD
    0x08001fa0   0x0000003c   Code   RO          359    i.HAL_TIM_Base_MspInit  stm32f4xx_hal_msp.o
    0x08001fdc   0x00000018   Code   RO          950    i.HAL_TIM_Base_Start_IT  stm32f4xx_hal_tim.o
    0x08001ff4   0x0000002c   Code   RO          951    i.HAL_TIM_Base_Stop  stm32f4xx_hal_tim.o
    0x08002020   0x00000d6c   Code   RO           17    i.HAL_TIM_IC_CaptureCallback  main.o
    0x08002d8c   0x0000011a   Code   RO          975    i.HAL_TIM_IC_ConfigChannel  stm32f4xx_hal_tim.o
    0x08002ea6   0x00000036   Code   RO          978    i.HAL_TIM_IC_Init   stm32f4xx_hal_tim.o
    0x08002edc   0x0000014c   Code   RO          361    i.HAL_TIM_IC_MspInit  stm32f4xx_hal_msp.o
    0x08003028   0x0000004c   Code   RO          983    i.HAL_TIM_IC_Start_IT  stm32f4xx_hal_tim.o
    0x08003074   0x0000002c   Code   RO          984    i.HAL_TIM_IC_Stop   stm32f4xx_hal_tim.o
    0x080030a0   0x00000166   Code   RO          987    i.HAL_TIM_IRQHandler  stm32f4xx_hal_tim.o
    0x08003206   0x00000002   PAD
    0x08003208   0x00000050   Code   RO          362    i.HAL_TIM_MspPostInit  stm32f4xx_hal_msp.o
    0x08003258   0x00000002   Code   RO          990    i.HAL_TIM_OC_DelayElapsedCallback  stm32f4xx_hal_tim.o
    0x0800325a   0x000000ce   Code   RO         1011    i.HAL_TIM_PWM_ConfigChannel  stm32f4xx_hal_tim.o
    0x08003328   0x00000036   Code   RO         1014    i.HAL_TIM_PWM_Init  stm32f4xx_hal_tim.o
    0x0800335e   0x00000002   PAD
    0x08003360   0x00000028   Code   RO          364    i.HAL_TIM_PWM_MspInit  stm32f4xx_hal_msp.o
    0x08003388   0x00000002   Code   RO         1017    i.HAL_TIM_PWM_PulseFinishedCallback  stm32f4xx_hal_tim.o
    0x0800338a   0x00000002   PAD
    0x0800338c   0x00000038   Code   RO         1018    i.HAL_TIM_PWM_Start  stm32f4xx_hal_tim.o
    0x080033c4   0x000009f4   Code   RO           18    i.HAL_TIM_PeriodElapsedCallback  main.o
    0x08003db8   0x00000044   Code   RO         1025    i.HAL_TIM_ReadCapturedValue  stm32f4xx_hal_tim.o
    0x08003dfc   0x00000002   Code   RO         1028    i.HAL_TIM_TriggerCallback  stm32f4xx_hal_tim.o
    0x08003dfe   0x00000002   Code   RO         3249    i.HAL_UART_ErrorCallback  stm32f4xx_hal_uart.o
    0x08003e00   0x00000110   Code   RO         3252    i.HAL_UART_IRQHandler  stm32f4xx_hal_uart.o
    0x08003f10   0x00000062   Code   RO         3253    i.HAL_UART_Init     stm32f4xx_hal_uart.o
    0x08003f72   0x00000002   PAD
    0x08003f74   0x0000005c   Code   RO          366    i.HAL_UART_MspInit  stm32f4xx_hal_msp.o
    0x08003fd0   0x00000048   Code   RO         3258    i.HAL_UART_Receive_IT  stm32f4xx_hal_uart.o
    0x08004018   0x0000008c   Code   RO           19    i.HAL_UART_RxCpltCallback  main.o
    0x080040a4   0x000000ba   Code   RO         3261    i.HAL_UART_Transmit  stm32f4xx_hal_uart.o
    0x0800415e   0x00000002   Code   RO         3264    i.HAL_UART_TxCpltCallback  stm32f4xx_hal_uart.o
    0x08004160   0x0000015c   Code   RO          601    i.HMC5883L_GetHeading  hmc5883l.o
    0x080042bc   0x00000144   Code   RO          607    i.HMC5883L_I2C_BufferRead  hmc5883l.o
    0x08004400   0x000000e4   Code   RO          608    i.HMC5883L_I2C_ByteWrite  hmc5883l.o
    0x080044e4   0x00000020   Code   RO          610    i.HMC5883L_Initialize  hmc5883l.o
    0x08004504   0x00000014   Code   RO          614    i.HMC5883L_SetGain  hmc5883l.o
    0x08004518   0x00000020   Code   RO          616    i.HMC5883L_SetMode  hmc5883l.o
    0x08004538   0x00000002   Code   RO          454    i.HardFault_Handler  stm32f4xx_it.o
    0x0800453a   0x00000002   Code   RO          455    i.I2C1_ER_IRQHandler  stm32f4xx_it.o
    0x0800453c   0x00000002   Code   RO          456    i.I2C1_EV_IRQHandler  stm32f4xx_it.o
    0x0800453e   0x00000138   Code   RO         2995    i.LL_GPIO_Init      stm32f4xx_ll_gpio.o
    0x08004676   0x00000002   PAD
    0x08004678   0x00000084   Code   RO         3041    i.LL_I2C_ConfigSpeed  stm32f4xx_ll_i2c.o
    0x080046fc   0x00000058   Code   RO         3043    i.LL_I2C_Init       stm32f4xx_ll_i2c.o
    0x08004754   0x00000020   Code   RO         3092    i.LL_RCC_GetSystemClocksFreq  stm32f4xx_ll_rcc.o
    0x08004774   0x0000013c   Code   RO           20    i.MX_GPIO_Init      main.o
    0x080048b0   0x000000c8   Code   RO           21    i.MX_I2C1_Init      main.o
    0x08004978   0x000000b0   Code   RO           22    i.MX_TIM1_Init      main.o
    0x08004a28   0x00000068   Code   RO           23    i.MX_TIM2_Init      main.o
    0x08004a90   0x0000006c   Code   RO           24    i.MX_TIM3_Init      main.o
    0x08004afc   0x0000006c   Code   RO           25    i.MX_TIM4_Init      main.o
    0x08004b68   0x0000003c   Code   RO           26    i.MX_TIM6_Init      main.o
    0x08004ba4   0x0000006c   Code   RO           27    i.MX_TIM8_Init      main.o
    0x08004c10   0x00000034   Code   RO           28    i.MX_USART3_UART_Init  main.o
    0x08004c44   0x00000002   Code   RO          457    i.MemManage_Handler  stm32f4xx_it.o
    0x08004c46   0x00000002   PAD
    0x08004c48   0x000001f4   Code   RO           29    i.Message_Create    main.o
    0x08004e3c   0x00000002   Code   RO          458    i.NMI_Handler       stm32f4xx_it.o
    0x08004e3e   0x00000018   Code   RO           30    i.NVIC_EnableIRQ    main.o
    0x08004e56   0x00000032   Code   RO           31    i.NVIC_EncodePriority  main.o
    0x08004e88   0x00000020   Code   RO           32    i.NVIC_SetPriority  main.o
    0x08004ea8   0x00000020   Code   RO         2301    i.NVIC_SetPriority  stm32f4xx_hal_cortex.o
    0x08004ec8   0x000001bc   Code   RO          849    i.PID               controller.o
    0x08005084   0x000001cc   Code   RO          850    i.PWM_Cal           controller.o
    0x08005250   0x00000002   Code   RO          459    i.PendSV_Handler    stm32f4xx_it.o
    0x08005252   0x00000002   PAD
    0x08005254   0x0000001c   Code   RO         3095    i.RCC_GetHCLKClockFreq  stm32f4xx_ll_rcc.o
    0x08005270   0x0000001c   Code   RO         3096    i.RCC_GetPCLK1ClockFreq  stm32f4xx_ll_rcc.o
    0x0800528c   0x0000001c   Code   RO         3097    i.RCC_GetPCLK2ClockFreq  stm32f4xx_ll_rcc.o
    0x080052a8   0x0000002c   Code   RO         3098    i.RCC_GetSystemClockFreq  stm32f4xx_ll_rcc.o
    0x080052d4   0x0000004c   Code   RO         3101    i.RCC_PLL_GetFreqDomain_SYS  stm32f4xx_ll_rcc.o
    0x08005320   0x00000002   Code   RO          460    i.SVC_Handler       stm32f4xx_it.o
    0x08005322   0x00000002   PAD
    0x08005324   0x0000011c   Code   RO          851    i.Setpoint          controller.o
    0x08005440   0x00000030   Code   RO          757    i.SimpleKalmanFilter  simplekalmanfilter.o
    0x08005470   0x00000020   Code   RO          758    i.SimpleKalmanFilterX  simplekalmanfilter.o
    0x08005490   0x00000054   Code   RO          852    i.Start_PWM         controller.o
    0x080054e4   0x00000238   Code   RO           33    i.Start_wheel       main.o
    0x0800571c   0x0000000e   Code   RO          461    i.SysTick_Handler   stm32f4xx_it.o
    0x0800572a   0x00000002   PAD
    0x0800572c   0x0000009c   Code   RO           34    i.SystemClock_Config  main.o
    0x080057c8   0x00000054   Code   RO          906    i.SystemInit        system_stm32f4xx.o
    0x0800581c   0x0000000c   Code   RO          462    i.TIM2_IRQHandler   stm32f4xx_it.o
    0x08005828   0x0000000c   Code   RO          463    i.TIM3_IRQHandler   stm32f4xx_it.o
    0x08005834   0x0000000c   Code   RO          464    i.TIM4_IRQHandler   stm32f4xx_it.o
    0x08005840   0x0000000c   Code   RO          465    i.TIM6_DAC_IRQHandler  stm32f4xx_it.o
    0x0800584c   0x0000000c   Code   RO          466    i.TIM8_BRK_TIM12_IRQHandler  stm32f4xx_it.o
    0x08005858   0x0000000c   Code   RO          467    i.TIM8_CC_IRQHandler  stm32f4xx_it.o
    0x08005864   0x0000000c   Code   RO          468    i.TIM8_TRG_COM_TIM14_IRQHandler  stm32f4xx_it.o
    0x08005870   0x0000000c   Code   RO          469    i.TIM8_UP_TIM13_IRQHandler  stm32f4xx_it.o
    0x0800587c   0x000000c0   Code   RO         1029    i.TIM_Base_SetConfig  stm32f4xx_hal_tim.o
    0x0800593c   0x00000016   Code   RO         1030    i.TIM_CCxChannelCmd  stm32f4xx_hal_tim.o
    0x08005952   0x00000002   PAD
    0x08005954   0x00000058   Code   RO         1038    i.TIM_OC1_SetConfig  stm32f4xx_hal_tim.o
    0x080059ac   0x00000064   Code   RO         1039    i.TIM_OC2_SetConfig  stm32f4xx_hal_tim.o
    0x08005a10   0x00000060   Code   RO         1040    i.TIM_OC3_SetConfig  stm32f4xx_hal_tim.o
    0x08005a70   0x00000050   Code   RO         1041    i.TIM_OC4_SetConfig  stm32f4xx_hal_tim.o
    0x08005ac0   0x00000084   Code   RO         1044    i.TIM_TI1_SetConfig  stm32f4xx_hal_tim.o
    0x08005b44   0x00000036   Code   RO         1046    i.TIM_TI2_SetConfig  stm32f4xx_hal_tim.o
    0x08005b7a   0x00000010   Code   RO         3266    i.UART_DMAAbortOnError  stm32f4xx_hal_uart.o
    0x08005b8a   0x0000001c   Code   RO         3276    i.UART_EndRxTransfer  stm32f4xx_hal_uart.o
    0x08005ba6   0x0000008c   Code   RO         3278    i.UART_Receive_IT   stm32f4xx_hal_uart.o
    0x08005c32   0x00000002   PAD
    0x08005c34   0x000002ac   Code   RO         3279    i.UART_SetConfig    stm32f4xx_hal_uart.o
    0x08005ee0   0x00000062   Code   RO         3280    i.UART_Transmit_IT  stm32f4xx_hal_uart.o
    0x08005f42   0x00000064   Code   RO         3281    i.UART_WaitOnFlagUntilTimeout  stm32f4xx_hal_uart.o
    0x08005fa6   0x00000002   PAD
    0x08005fa8   0x0000000c   Code   RO          470    i.USART3_IRQHandler  stm32f4xx_it.o
    0x08005fb4   0x00000028   Code   RO          853    i.UpdateSetpoint    controller.o
    0x08005fdc   0x00000002   Code   RO          471    i.UsageFault_Handler  stm32f4xx_it.o
    0x08005fde   0x00000030   Code   RO         3745    i.__ARM_fpclassify  m_wm.l(fpclassify.o)
    0x0800600e   0x00000002   PAD
    0x08006010   0x00000350   Code   RO         3551    i.__hardfp_acos     m_wm.l(acos.o)
    0x08006360   0x000002e8   Code   RO         3662    i.__hardfp_atan     m_wm.l(atan.o)
    0x08006648   0x000001e0   Code   RO         3565    i.__hardfp_atan2    m_wm.l(atan2.o)
    0x08006828   0x000000d8   Code   RO         3577    i.__hardfp_cos      m_wm.l(cos.o)
    0x08006900   0x00000014   Code   RO         3589    i.__hardfp_fabs     m_wm.l(fabs.o)
    0x08006914   0x00000004   PAD
    0x08006918   0x000000d8   Code   RO         3595    i.__hardfp_sin      m_wm.l(sin.o)
    0x080069f0   0x00000458   Code   RO         3682    i.__ieee754_rem_pio2  m_wm.l(rred.o)
    0x08006e48   0x00000170   Code   RO         3676    i.__kernel_cos      m_wm.l(cos_i.o)
    0x08006fb8   0x000000f8   Code   RO         3679    i.__kernel_poly     m_wm.l(poly.o)
    0x080070b0   0x00000130   Code   RO         3687    i.__kernel_sin      m_wm.l(sin_i.o)
    0x080071e0   0x00000020   Code   RO         3743    i.__mathlib_dbl_underflow  m_wm.l(dunder.o)
    0x08007200   0x0000000e   Code   RO         3757    i.__scatterload_copy  mc_w.l(handlers.o)
    0x0800720e   0x00000002   Code   RO         3758    i.__scatterload_null  mc_w.l(handlers.o)
    0x08007210   0x0000000e   Code   RO         3759    i.__scatterload_zeroinit  mc_w.l(handlers.o)
    0x0800721e   0x00000002   PAD
    0x08007220   0x0000000c   Code   RO         3733    i.__set_errno       mc_w.l(errno.o)
    0x0800722c   0x00000010   Code   RO         3664    i.atan              m_wm.l(atan.o)
    0x0800723c   0x00000020   Code   RO         3591    i.fabs              m_wm.l(fabs.o)
    0x0800725c   0x00000050   Code   RO         3612    i.free              mc_w.l(malloc.o)
    0x080072ac   0x000001b8   Code   RO           36    i.main              main.o
    0x08007464   0x0000006c   Code   RO         3613    i.malloc            mc_w.l(malloc.o)
    0x080074d0   0x0000006e   Code   RO         3695    i.sqrt              m_wm.l(sqrt.o)
    0x0800753e   0x00000002   PAD
    0x08007540   0x00000108   Code   RO          761    i.updateEstimate    simplekalmanfilter.o
    0x08007648   0x000000ac   Code   RO          762    i.updateEstimateX   simplekalmanfilter.o
    0x080076f4   0x0000022c   Code   RO          813    i.xyspeed           vectospace.o
    0x08007920   0x000001a8   Code   RO          814    i.xyspeed_inv       vectospace.o
    0x08007ac8   0x00000010   Data   RO          907    .constdata          system_stm32f4xx.o
    0x08007ad8   0x00000008   Data   RO          908    .constdata          system_stm32f4xx.o
    0x08007ae0   0x00000050   Data   RO         3554    .constdata          m_wm.l(acos.o)
    0x08007b30   0x00000098   Data   RO         3665    .constdata          m_wm.l(atan.o)
    0x08007bc8   0x00000030   Data   RO         3677    .constdata          m_wm.l(cos_i.o)
    0x08007bf8   0x00000008   Data   RO         3681    .constdata          m_wm.l(qnan.o)
    0x08007c00   0x000000c8   Data   RO         3684    .constdata          m_wm.l(rred.o)
    0x08007cc8   0x00000028   Data   RO         3688    .constdata          m_wm.l(sin_i.o)
    0x08007cf0   0x00000020   Data   RO         3755    Region$$Table       anon$$obj.o


    Execution Region RW_IRAM1 (Base: 0x20000000, Size: 0x00000ac0, Max: 0x00020000, ABSOLUTE, COMPRESSED[0x0000002c])

    Base Addr    Size         Type   Attr      Idx    E Section Name        Object

    0x20000000   0x000000d8   Data   RW           57    .data               main.o
    0x200000d8   0x00000001   Data   RW           59    .data               main.o
    0x200000d9   0x00000003   PAD
    0x200000dc   0x00000004   Data   RW           60    .data               main.o
    0x200000e0   0x00000004   Data   RW           61    .data               main.o
    0x200000e4   0x00000004   Data   RW           62    .data               main.o
    0x200000e8   0x00000004   Data   RW           63    .data               main.o
    0x200000ec   0x00000004   Data   RW           64    .data               main.o
    0x200000f0   0x00000004   Data   RW           65    .data               main.o
    0x200000f4   0x00000004   Data   RW           66    .data               main.o
    0x200000f8   0x00000004   Data   RW           68    .data               main.o
    0x200000fc   0x00000004   Data   RW           69    .data               main.o
    0x20000100   0x00000004   Data   RW           70    .data               main.o
    0x20000104   0x00000004   Data   RW           71    .data               main.o
    0x20000108   0x00000004   Data   RW           72    .data               main.o
    0x2000010c   0x00000004   Data   RW           73    .data               main.o
    0x20000110   0x00000004   Data   RW           74    .data               main.o
    0x20000114   0x00000004   Data   RW           75    .data               main.o
    0x20000118   0x00000004   Data   RW           76    .data               main.o
    0x2000011c   0x00000004   Data   RW           77    .data               main.o
    0x20000120   0x00000004   Data   RW           78    .data               main.o
    0x20000124   0x00000004   Data   RW           79    .data               main.o
    0x20000128   0x00000004   Data   RW           80    .data               main.o
    0x2000012c   0x00000001   Data   RW          621    .data               hmc5883l.o
    0x2000012d   0x00000003   PAD
    0x20000130   0x00000004   Data   RW          909    .data               system_stm32f4xx.o
    0x20000134   0x0000000c   Data   RW         2712    .data               stm32f4xx_hal.o
    0x20000140   0x00000004   Data   RW         3729    .data               mc_w.l(mvars.o)
    0x20000144   0x00000004   Data   RW         3730    .data               mc_w.l(mvars.o)
    0x20000148   0x00000004   Data   RW         3734    .data               mc_w.l(errno.o)
    0x2000014c   0x0000026f   Zero   RW           37    .bss                main.o
    0x200003bb   0x00000001   PAD
    0x200003bc   0x0000000c   Zero   RW           38    .bss                main.o
    0x200003c8   0x0000000c   Zero   RW           39    .bss                main.o
    0x200003d4   0x00000014   Zero   RW           41    .bss                main.o
    0x200003e8   0x0000000c   Zero   RW           42    .bss                main.o
    0x200003f4   0x0000000c   Zero   RW           43    .bss                main.o
    0x20000400   0x0000000c   Zero   RW           44    .bss                main.o
    0x2000040c   0x0000000c   Zero   RW           45    .bss                main.o
    0x20000418   0x0000000c   Zero   RW           46    .bss                main.o
    0x20000424   0x00000010   Zero   RW           47    .bss                main.o
    0x20000434   0x0000000c   Zero   RW           48    .bss                main.o
    0x20000440   0x0000000c   Zero   RW           49    .bss                main.o
    0x2000044c   0x00000010   Zero   RW           50    .bss                main.o
    0x2000045c   0x00000010   Zero   RW           51    .bss                main.o
    0x2000046c   0x00000010   Zero   RW           52    .bss                main.o
    0x2000047c   0x00000010   Zero   RW           53    .bss                main.o
    0x2000048c   0x0000000c   Zero   RW           54    .bss                main.o
    0x20000498   0x0000000c   Zero   RW           55    .bss                main.o
    0x200004a4   0x0000000c   Zero   RW           56    .bss                main.o
    0x200004b0   0x0000000c   Zero   RW          854    .bss                controller.o
    0x200004bc   0x00000004   PAD
    0x200004c0   0x00000200   Zero   RW            2    HEAP                startup_stm32f407xx.o
    0x200006c0   0x00000400   Zero   RW            1    STACK               startup_stm32f407xx.o


==============================================================================

Image component sizes


      Code (inc. data)   RO Data    RW Data    ZI Data      Debug   Object Name

      4012        372          0          0         12       4308   controller.o
       984         40          0          1          0      15963   hmc5883l.o
      9362        434          0        297        867     745979   main.o
       516         78          0          0          0       2314   simplekalmanfilter.o
        36          8        392          0       1536        800   startup_stm32f407xx.o
       144         24          0         12          0       3725   stm32f4xx_hal.o
       230         24          0          0          0      31469   stm32f4xx_hal_cortex.o
        36          0          0          0          0       1131   stm32f4xx_hal_dma.o
       456         44          0          0          0       2687   stm32f4xx_hal_gpio.o
       708         78          0          0          0      26657   stm32f4xx_hal_msp.o
      1280         86          0          0          0       5212   stm32f4xx_hal_rcc.o
      2090        116          0          0          0      16102   stm32f4xx_hal_tim.o
       174          0          0          0          0       2974   stm32f4xx_hal_tim_ex.o
      1698         14          0          0          0       8475   stm32f4xx_hal_uart.o
       144         54          0          0          0       9021   stm32f4xx_it.o
       312          0          0          0          0       6871   stm32f4xx_ll_gpio.o
       220          8          0          0          0      11830   stm32f4xx_ll_i2c.o
       236         48          0          0          0      27331   stm32f4xx_ll_rcc.o
        84         18         24          4          0       1063   system_stm32f4xx.o
      1292        144          0          0          0       1831   vectospace.o

    ----------------------------------------------------------------------
     24044       1590        448        320       2420     925743   Object Totals
         0          0         32          0          0          0   (incl. Generated)
        30          0          0          6          5          0   (incl. Padding)

    ----------------------------------------------------------------------

      Code (inc. data)   RO Data    RW Data    ZI Data      Debug   Library Member Name

       848        110         80          0          0        188   acos.o
       760        108        152          0          0        344   atan.o
       480         64          0          0          0        156   atan2.o
       216         16          0          0          0        152   cos.o
       368         46         48          0          0        200   cos_i.o
        32          8          0          0          0        124   dunder.o
        52          0          0          0          0        248   fabs.o
        48          0          0          0          0        124   fpclassify.o
       248          0          0          0          0        152   poly.o
         0          0          8          0          0          0   qnan.o
      1112        140        200          0          0        188   rred.o
       216         16          0          0          0        152   sin.o
       304         24         40          0          0        208   sin_i.o
       110          0          0          0          0        148   sqrt.o
        92          0          0          0          0          0   __dczerorl2.o
        28          0          0          0          0         76   calloc.o
         0          0          0          0          0          0   entry.o
         0          0          0          0          0          0   entry10a.o
         0          0          0          0          0          0   entry11a.o
         8          4          0          0          0          0   entry2.o
         4          0          0          0          0          0   entry5.o
         0          0          0          0          0          0   entry7b.o
         0          0          0          0          0          0   entry8b.o
         8          4          0          0          0          0   entry9a.o
        12          6          0          4          0         68   errno.o
        30          0          0          0          0          0   handlers.o
        36          8          0          0          0         68   init.o
         0          0          0          0          0          0   iusefp.o
        30          0          0          0          0         68   llshl.o
        36          0          0          0          0         68   llsshr.o
        32          0          0          0          0         68   llushr.o
       188         20          0          0          0        160   malloc.o
         0          0          0          8          0          0   mvars.o
        98          0          0          0          0         92   uldiv.o
        40          2          0          0          0         68   cdcmple.o
        40          2          0          0          0         68   cdrcmple.o
        56          0          0          0          0         88   d2f.o
       334          0          0          0          0        148   dadd.o
       222          0          0          0          0        100   ddiv.o
       190          0          0          0          0        176   depilogue.o
        62          0          0          0          0         80   dfixi.o
        50          0          0          0          0         76   dfixui.o
        34          0          0          0          0         76   dflti.o
        26          0          0          0          0         76   dfltui.o
       228          0          0          0          0         96   dmul.o
       162          0          0          0          0        100   dsqrt.o
        38          0          0          0          0         68   f2d.o
       108          0          0          0          0        168   fepilogue.o

    ----------------------------------------------------------------------
      6996        578        528         12          0       4440   Library Totals
        10          0          0          0          0          0   (incl. Padding)

    ----------------------------------------------------------------------

      Code (inc. data)   RO Data    RW Data    ZI Data      Debug   Library Name

      4794        532        528          0          0       2384   m_wm.l
       602         42          0         12          0        668   mc_w.l
      1590          4          0          0          0       1388   mf_w.l

    ----------------------------------------------------------------------
      6996        578        528         12          0       4440   Library Totals

    ----------------------------------------------------------------------

==============================================================================


      Code (inc. data)   RO Data    RW Data    ZI Data      Debug   

     31040       2168        976        332       2420     915043   Grand Totals
     31040       2168        976         44       2420     915043   ELF Image Totals (compressed)
     31040       2168        976         44          0          0   ROM Totals

==============================================================================

    Total RO  Size (Code + RO Data)                32016 (  31.27kB)
    Total RW  Size (RW Data + ZI Data)              2752 (   2.69kB)
    Total ROM Size (Code + RO Data + RW Data)      32060 (  31.31kB)

==============================================================================

